[Fri Jul 10 10:20:01 AM CST 2026] 守护检查完成
[Fri Jul 10 10:25:01 AM CST 2026] 守护检查完成
[Fri Jul 10 10:30:01 AM CST 2026] 守护检查完成
[Fri Jul 10 10:35:01 AM CST 2026] 守护检查完成
[Fri Jul 10 10:40:01 AM CST 2026] 守护检查完成
[Fri Jul 10 10:45:01 AM CST 2026] 守护检查完成
[Fri Jul 10 10:50:01 AM CST 2026] 守护检查完成
[Fri Jul 10 10:55:01 AM CST 2026] 守护检查完成
[Fri Jul 10 11:00:02 AM CST 2026] 守护检查完成
[Fri Jul 10 11:05:01 AM CST 2026] 守护检查完成
[Fri Jul 10 11:10:01 AM CST 2026] 守护检查完成
[Fri Jul 10 11:15:02 AM CST 2026] 守护检查完成
[Fri Jul 10 11:20:01 AM CST 2026] 守护检查完成
[Fri Jul 10 11:25:01 AM CST 2026] 守护检查完成
[Fri Jul 10 11:30:01 AM CST 2026] 守护检查完成
[Fri Jul 10 11:35:02 AM CST 2026] 守护检查完成
[Fri Jul 10 11:40:01 AM CST 2026] 守护检查完成
[Fri Jul 10 11:45:01 AM CST 2026] 守护检查完成
[Fri Jul 10 11:50:01 AM CST 2026] 守护检查完成
[Fri Jul 10 11:55:01 AM CST 2026] 守护检查完成
[Fri Jul 10 12:00:01 PM CST 2026] 守护检查完成
[Fri Jul 10 12:05:01 PM CST 2026] 守护检查完成
[Fri Jul 10 12:10:01 PM CST 2026] 守护检查完成
[Fri Jul 10 12:15:02 PM CST 2026] 守护检查完成
[Fri Jul 10 12:20:01 PM CST 2026] 守护检查完成
[Fri Jul 10 12:25:01 PM CST 2026] 守护检查完成
[Fri Jul 10 12:30:01 PM CST 2026] 守护检查完成
[Fri Jul 10 12:35:01 PM CST 2026] 守护检查完成
[Fri Jul 10 12:40:01 PM CST 2026] 守护检查完成
[Fri Jul 10 12:45:01 PM CST 2026] BDE-API 已停止，正在重启...
[Fri Jul 10 12:45:03 PM CST 2026] BDE-API 重启成功
[Fri Jul 10 12:45:03 PM CST 2026] 守护检查完成
[Fri Jul 10 12:50:01 PM CST 2026] Bore-Tunnel 已停止，正在重启...
[Fri Jul 10 12:50:03 PM CST 2026] Bore-Tunnel 重启成功
[Fri Jul 10 12:50:03 PM CST 2026] 守护检查完成
[Fri Jul 10 12:55:02 PM CST 2026] Bore-Tunnel 已停止，正在重启...
[Fri Jul 10 12:55:04 PM CST 2026] Bore-Tunnel 重启成功
[Fri Jul 10 12:55:04 PM CST 2026] 守护检查完成
[Fri Jul 10 01:00:01 PM CST 2026] 守护检查完成
[Fri Jul 10 01:05:01 PM CST 2026] 守护检查完成
[Fri Jul 10 01:10:01 PM CST 2026] 守护检查完成
[Fri Jul 10 01:15:01 PM CST 2026] 守护检查完成
[Fri Jul 10 01:20:01 PM CST 2026] 守护检查完成
[Fri Jul 10 01:25:01 PM CST 2026] 守护检查完成
[Fri Jul 10 01:30:01 PM CST 2026] 守护检查完成
[Fri Jul 10 01:35:01 PM CST 2026] 守护检查完成
[Fri Jul 10 01:40:03 PM CST 2026] 守护检查完成
[Fri Jul 10 01:45:01 PM CST 2026] BDE-API 已停止，正在重启...
[Fri Jul 10 01:45:03 PM CST 2026] BDE-API 重启成功
[Fri Jul 10 01:45:03 PM CST 2026] 守护检查完成
[Fri Jul 10 01:53:31 PM CST 2026] 守护检查完成
[Fri Jul 10 01:57:51 PM CST 2026] 守护检查完成
[Fri Jul 10 02:00:02 PM CST 2026] FutuOpenD 已停止，正在重启...
[Fri Jul 10 02:00:04 PM CST 2026] FutuOpenD 重启失败！
[Fri Jul 10 02:00:04 PM CST 2026] BDE-API 已停止，正在重启...
[Fri Jul 10 02:00:06 PM CST 2026] BDE-API 重启失败！
[Fri Jul 10 02:00:06 PM CST 2026] Bore-Tunnel 已停止，正在重启...
[Fri Jul 10 02:00:08 PM CST 2026] Bore-Tunnel 重启成功
[Fri Jul 10 02:00:08 PM CST 2026] 守护检查完成
[Fri Jul 10 02:05:01 PM CST 2026] BDE-API 已停止，正在重启...
[Fri Jul 10 02:05:03 PM CST 2026] BDE-API 重启失败！
[Fri Jul 10 02:05:04 PM CST 2026] 守护检查完成
[Fri Jul 10 02:10:01 PM CST 2026] FutuOpenD 已停止，正在重启...
[Fri Jul 10 02:10:03 PM CST 2026] FutuOpenD 重启失败！
[Fri Jul 10 02:10:03 PM CST 2026] 守护检查完成
[Fri Jul 10 02:15:01 PM CST 2026] FutuOpenD 已停止，正在重启...
[Fri Jul 10 02:15:03 PM CST 2026] FutuOpenD 重启失败！
[Fri Jul 10 02:15:03 PM CST 2026] 守护检查完成
[Fri Jul 10 02:20:01 PM CST 2026] FutuOpenD 已停止，正在重启...
[Fri Jul 10 02:20:03 PM CST 2026] FutuOpenD 重启失败！
[Fri Jul 10 02:20:04 PM CST 2026] 守护检查完成
[Fri Jul 10 02:25:01 PM CST 2026] FutuOpenD 已停止，正在重启...
[Fri Jul 10 02:25:03 PM CST 2026] FutuOpenD 重启失败！
[Fri Jul 10 02:25:03 PM CST 2026] 守护检查完成
[Fri Jul 10 02:30:01 PM CST 2026] FutuOpenD 已停止，正在重启...
[Fri Jul 10 02:30:03 PM CST 2026] FutuOpenD 重启失败！
[Fri Jul 10 02:30:03 PM CST 2026] 守护检查完成
[Fri Jul 10 02:35:01 PM CST 2026] FutuOpenD 已停止，正在重启...
[Fri Jul 10 02:35:03 PM CST 2026] FutuOpenD 重启失败！
[Fri Jul 10 02:35:03 PM CST 2026] 守护检查完成
[Fri Jul 10 02:40:01 PM CST 2026] FutuOpenD 已停止，正在重启...
[Fri Jul 10 02:40:04 PM CST 2026] FutuOpenD 重启失败！
[Fri Jul 10 02:40:04 PM CST 2026] 守护检查完成
[Fri Jul 10 02:45:01 PM CST 2026] FutuOpenD 已停止，正在重启...
[Fri Jul 10 02:45:03 PM CST 2026] FutuOpenD 重启失败！
[Fri Jul 10 02:45:03 PM CST 2026] 守护检查完成
[Fri Jul 24 07:15:01 AM CST 2026] 守护检查完成
[Fri Jul 24 07:20:01 AM CST 2026] 守护检查完成
[Fri Jul 24 07:25:01 AM CST 2026] 守护检查完成
[Fri Jul 24 07:30:01 AM CST 2026] 守护检查完成
[Fri Jul 24 07:35:02 AM CST 2026] 守护检查完成
[Fri Jul 24 07:40:01 AM CST 2026] 守护检查完成
[Fri Jul 24 07:45:01 AM CST 2026] 守护检查完成
[Fri Jul 24 07:50:01 AM CST 2026] 守护检查完成
[Fri Jul 24 07:55:01 AM CST 2026] 守护检查完成
[Fri Jul 24 08:00:01 AM CST 2026] 守护检查完成
[Fri Jul 24 08:05:01 AM CST 2026] 守护检查完成
[Fri Jul 24 08:10:02 AM CST 2026] 守护检查完成
[Fri Jul 24 08:15:01 AM CST 2026] 守护检查完成
[Fri Jul 24 08:20:01 AM CST 2026] 守护检查完成
[Fri Jul 24 08:25:01 AM CST 2026] 守护检查完成
[Fri Jul 24 08:30:01 AM CST 2026] 守护检查完成
[Fri Jul 24 08:35:01 AM CST 2026] 守护检查完成
[Fri Jul 24 08:40:01 AM CST 2026] 守护检查完成
[Fri Jul 24 08:45:01 AM CST 2026] 守护检查完成
[Fri Jul 24 08:50:01 AM CST 2026] 守护检查完成
[Fri Jul 24 08:55:02 AM CST 2026] 守护检查完成
[Fri Jul 24 09:00:01 AM CST 2026] 守护检查完成
[Fri Jul 24 09:05:01 AM CST 2026] 守护检查完成
[Fri Jul 24 09:10:01 AM CST 2026] 守护检查完成
[Fri Jul 24 09:15:01 AM CST 2026] 守护检查完成
[Fri Jul 24 09:20:01 AM CST 2026] 守护检查完成
[Fri Jul 24 09:25:01 AM CST 2026] 守护检查完成
[Fri Jul 24 09:30:01 AM CST 2026] 守护检查完成
[Fri Jul 24 09:35:01 AM CST 2026] 守护检查完成
[Fri Jul 24 09:40:02 AM CST 2026] 守护检查完成
[Fri Jul 24 09:45:01 AM CST 2026] 守护检查完成
[Fri Jul 24 09:50:01 AM CST 2026] 守护检查完成
[Fri Jul 24 09:55:01 AM CST 2026] 守护检查完成
[Fri Jul 24 10:00:02 AM CST 2026] 守护检查完成
[Fri Jul 24 10:05:01 AM CST 2026] 守护检查完成
[Fri Jul 24 10:10:01 AM CST 2026] 守护检查完成
[Fri Jul 24 10:15:01 AM CST 2026] 守护检查完成
[Fri Jul 24 10:20:02 AM CST 2026] 守护检查完成
[Fri Jul 24 10:25:01 AM CST 2026] 守护检查完成
[Fri Jul 24 10:30:01 AM CST 2026] 守护检查完成
[Fri Jul 24 10:35:01 AM CST 2026] 守护检查完成
[Fri Jul 24 10:40:01 AM CST 2026] 守护检查完成
[Fri Jul 24 10:45:01 AM CST 2026] 守护检查完成
[Fri Jul 24 10:50:01 AM CST 2026] 守护检查完成
[Fri Jul 24 10:55:02 AM CST 2026] 守护检查完成
[Fri Jul 24 11:00:01 AM CST 2026] 守护检查完成
[Fri Jul 24 11:05:01 AM CST 2026] 守护检查完成
[Fri Jul 24 11:10:01 AM CST 2026] 守护检查完成
[Fri Jul 24 11:15:01 AM CST 2026] 守护检查完成
[Fri Jul 24 11:20:01 AM CST 2026] 守护检查完成
[Fri Jul 24 11:25:01 AM CST 2026] 守护检查完成
[Fri Jul 24 11:30:02 AM CST 2026] 守护检查完成
[Fri Jul 24 11:35:01 AM CST 2026] 守护检查完成
[Fri Jul 24 11:40:01 AM CST 2026] 守护检查完成
[Fri Jul 24 11:45:01 AM CST 2026] 守护检查完成
[Fri Jul 24 11:50:01 AM CST 2026] 守护检查完成
[Fri Jul 24 11:55:02 AM CST 2026] 守护检查完成
[Fri Jul 24 12:00:01 PM CST 2026] 守护检查完成
[Fri Jul 24 12:05:01 PM CST 2026] 守护检查完成
[Fri Jul 24 12:10:01 PM CST 2026] 守护检查完成
[Fri Jul 24 12:15:01 PM CST 2026] 守护检查完成
[Fri Jul 24 12:20:01 PM CST 2026] 守护检查完成
[Fri Jul 24 12:25:01 PM CST 2026] 守护检查完成
[Fri Jul 24 12:30:01 PM CST 2026] 守护检查完成
[Fri Jul 24 12:35:01 PM CST 2026] 守护检查完成
[Fri Jul 24 12:40:01 PM CST 2026] 守护检查完成
[Fri Jul 24 12:45:01 PM CST 2026] 守护检查完成
[Fri Jul 24 12:50:01 PM CST 2026] 守护检查完成
[Fri Jul 24 12:55:01 PM CST 2026] 守护检查完成
[Fri Jul 24 01:00:01 PM CST 2026] 守护检查完成
[Fri Jul 24 01:05:01 PM CST 2026] 守护检查完成
[Fri Jul 24 01:10:02 PM CST 2026] 守护检查完成
[Fri Jul 24 01:15:01 PM CST 2026] 守护检查完成
[Fri Jul 24 01:20:01 PM CST 2026] 守护检查完成
[Fri Jul 24 01:25:01 PM CST 2026] 守护检查完成
[Fri Jul 24 01:30:01 PM CST 2026] 守护检查完成
[Fri Jul 24 01:35:01 PM CST 2026] 守护检查完成
[Fri Jul 24 01:40:01 PM CST 2026] 守护检查完成
[Fri Jul 24 01:45:01 PM CST 2026] 守护检查完成
[Fri Jul 24 01:50:01 PM CST 2026] 守护检查完成
[Fri Jul 24 01:55:01 PM CST 2026] 守护检查完成
[Fri Jul 24 02:00:01 PM CST 2026] 守护检查完成
[Fri Jul 24 02:05:01 PM CST 2026] 守护检查完成
[Fri Jul 24 02:10:02 PM CST 2026] 守护检查完成
[Fri Jul 24 02:15:01 PM CST 2026] 守护检查完成
[Fri Jul 24 02:20:01 PM CST 2026] 守护检查完成
[Fri Jul 24 02:25:01 PM CST 2026] 守护检查完成
[Fri Jul 24 02:30:01 PM CST 2026] 守护检查完成
[Fri Jul 24 02:35:01 PM CST 2026] 守护检查完成
[Fri Jul 24 02:40:01 PM CST 2026] 守护检查完成
[Fri Jul 24 02:45:01 PM CST 2026] 守护检查完成
[Fri Jul 24 02:50:01 PM CST 2026] 守护检查完成
[Fri Jul 24 02:55:02 PM CST 2026] 守护检查完成
[Fri Jul 24 03:00:01 PM CST 2026] 守护检查完成
[Fri Jul 24 03:05:01 PM CST 2026] 守护检查完成
[Fri Jul 24 03:10:01 PM CST 2026] 守护检查完成
[Fri Jul 24 03:15:01 PM CST 2026] 守护检查完成
[Fri Jul 24 03:20:02 PM CST 2026] 守护检查完成
[Fri Jul 24 03:25:01 PM CST 2026] 守护检查完成
[Fri Jul 24 03:30:01 PM CST 2026] 守护检查完成
[Fri Jul 24 03:35:01 PM CST 2026] 守护检查完成
[Fri Jul 24 03:40:01 PM CST 2026] 守护检查完成
[Fri Jul 24 03:45:01 PM CST 2026] 守护检查完成
[Fri Jul 24 03:50:01 PM CST 2026] 守护检查完成
[Fri Jul 24 03:55:01 PM CST 2026] 守护检查完成
[Fri Jul 24 04:00:01 PM CST 2026] 守护检查完成
[Fri Jul 24 04:05:01 PM CST 2026] 守护检查完成
[Fri Jul 24 04:10:02 PM CST 2026] 守护检查完成
[Fri Jul 24 04:15:01 PM CST 2026] 守护检查完成
[Fri Jul 24 04:20:01 PM CST 2026] 守护检查完成
[Fri Jul 24 04:25:01 PM CST 2026] 守护检查完成
[Fri Jul 24 04:30:01 PM CST 2026] 守护检查完成
[Fri Jul 24 04:35:01 PM CST 2026] 守护检查完成
[Fri Jul 24 04:40:01 PM CST 2026] 守护检查完成
[Fri Jul 24 04:45:01 PM CST 2026] 守护检查完成
[Fri Jul 24 04:50:01 PM CST 2026] 守护检查完成
[Fri Jul 24 04:55:02 PM CST 2026] 守护检查完成
[Fri Jul 24 05:00:01 PM CST 2026] 守护检查完成
[Fri Jul 24 05:05:01 PM CST 2026] 守护检查完成
[Fri Jul 24 05:10:01 PM CST 2026] 守护检查完成
[Fri Jul 24 05:15:01 PM CST 2026] 守护检查完成
[Fri Jul 24 05:20:01 PM CST 2026] 守护检查完成
[Fri Jul 24 05:25:01 PM CST 2026] 守护检查完成
[Fri Jul 24 05:30:01 PM CST 2026] 守护检查完成
[Fri Jul 24 05:35:01 PM CST 2026] 守护检查完成
[Fri Jul 24 05:40:02 PM CST 2026] 守护检查完成
[Fri Jul 24 05:45:01 PM CST 2026] 守护检查完成
[Fri Jul 24 05:50:01 PM CST 2026] 守护检查完成
[Fri Jul 24 05:55:01 PM CST 2026] 守护检查完成
[Fri Jul 24 06:00:01 PM CST 2026] 守护检查完成
[Fri Jul 24 06:05:01 PM CST 2026] 守护检查完成
[Fri Jul 24 06:10:02 PM CST 2026] 守护检查完成
[Fri Jul 24 06:15:01 PM CST 2026] 守护检查完成
[Fri Jul 24 06:20:01 PM CST 2026] 守护检查完成
[Fri Jul 24 06:25:02 PM CST 2026] 守护检查完成
[Fri Jul 24 06:30:01 PM CST 2026] 守护检查完成
[Fri Jul 24 06:35:01 PM CST 2026] 守护检查完成
[Fri Jul 24 06:40:01 PM CST 2026] 守护检查完成
[Fri Jul 24 06:45:02 PM CST 2026] 守护检查完成
[Fri Jul 24 06:50:01 PM CST 2026] 守护检查完成
[Fri Jul 24 06:55:01 PM CST 2026] 守护检查完成
[Fri Jul 24 07:00:01 PM CST 2026] 守护检查完成
[Fri Jul 24 07:05:01 PM CST 2026] 守护检查完成
[Fri Jul 24 07:10:01 PM CST 2026] 守护检查完成
[Fri Jul 24 07:15:01 PM CST 2026] 守护检查完成
[Fri Jul 24 07:20:01 PM CST 2026] 守护检查完成
[Fri Jul 24 07:25:01 PM CST 2026] 守护检查完成
[Fri Jul 24 07:30:01 PM CST 2026] 守护检查完成
[Fri Jul 24 07:35:01 PM CST 2026] 守护检查完成
[Fri Jul 24 07:40:01 PM CST 2026] 守护检查完成
[Fri Jul 24 07:45:01 PM CST 2026] 守护检查完成
[Fri Jul 24 07:50:01 PM CST 2026] 守护检查完成
[Fri Jul 24 07:55:01 PM CST 2026] 守护检查完成
[Fri Jul 24 08:00:01 PM CST 2026] 守护检查完成
[Fri Jul 24 08:05:01 PM CST 2026] 守护检查完成
[Fri Jul 24 08:10:01 PM CST 2026] 守护检查完成
[Fri Jul 24 08:15:01 PM CST 2026] 守护检查完成
[Fri Jul 24 08:20:01 PM CST 2026] 守护检查完成
[Fri Jul 24 08:25:01 PM CST 2026] 守护检查完成
[Fri Jul 24 08:30:02 PM CST 2026] 守护检查完成
[Fri Jul 24 08:35:01 PM CST 2026] 守护检查完成
[Fri Jul 24 08:40:01 PM CST 2026] 守护检查完成
[Fri Jul 24 08:45:01 PM CST 2026] 守护检查完成
[Fri Jul 24 08:50:02 PM CST 2026] 守护检查完成
[Fri Jul 24 08:55:01 PM CST 2026] 守护检查完成
[Fri Jul 24 09:00:01 PM CST 2026] 守护检查完成
[Fri Jul 24 09:05:01 PM CST 2026] 守护检查完成
[Fri Jul 24 09:10:01 PM CST 2026] 守护检查完成
[Fri Jul 24 09:15:01 PM CST 2026] 守护检查完成
[Fri Jul 24 09:20:01 PM CST 2026] 守护检查完成
[Fri Jul 24 09:25:01 PM CST 2026] 守护检查完成
[Fri Jul 24 09:30:01 PM CST 2026] 守护检查完成
[Fri Jul 24 09:35:02 PM CST 2026] 守护检查完成
[Fri Jul 24 09:40:01 PM CST 2026] 守护检查完成
[Fri Jul 24 09:45:01 PM CST 2026] 守护检查完成
[Fri Jul 24 09:50:01 PM CST 2026] 守护检查完成
[Fri Jul 24 09:55:01 PM CST 2026] 守护检查完成
[Fri Jul 24 10:00:01 PM CST 2026] 守护检查完成
[Fri Jul 24 10:05:01 PM CST 2026] 守护检查完成
[Fri Jul 24 10:10:02 PM CST 2026] 守护检查完成
[Fri Jul 24 10:15:01 PM CST 2026] 守护检查完成
[Fri Jul 24 10:20:01 PM CST 2026] 守护检查完成
[Fri Jul 24 10:25:01 PM CST 2026] 守护检查完成
[Fri Jul 24 10:30:01 PM CST 2026] 守护检查完成
[Fri Jul 24 10:35:01 PM CST 2026] 守护检查完成
[Fri Jul 24 10:40:01 PM CST 2026] 守护检查完成
[Fri Jul 24 10:45:01 PM CST 2026] 守护检查完成
[Fri Jul 24 10:50:01 PM CST 2026] 守护检查完成
[Fri Jul 24 10:55:01 PM CST 2026] 守护检查完成
[Fri Jul 24 11:00:01 PM CST 2026] 守护检查完成
[Fri Jul 24 11:05:01 PM CST 2026] 守护检查完成
[Fri Jul 24 11:10:01 PM CST 2026] 守护检查完成
[Fri Jul 24 11:15:02 PM CST 2026] 守护检查完成
[Fri Jul 24 11:20:01 PM CST 2026] 守护检查完成
[Fri Jul 24 11:25:01 PM CST 2026] 守护检查完成
[Fri Jul 24 11:30:01 PM CST 2026] 守护检查完成
[Fri Jul 24 11:35:01 PM CST 2026] 守护检查完成
[Fri Jul 24 11:40:02 PM CST 2026] 守护检查完成
[Fri Jul 24 11:45:01 PM CST 2026] 守护检查完成
[Fri Jul 24 11:50:01 PM CST 2026] 守护检查完成
[Fri Jul 24 11:55:25 PM CST 2026] 守护检查完成
[Sat Jul 25 12:00:01 AM CST 2026] 守护检查完成
[Sat Jul 25 12:05:01 AM CST 2026] 守护检查完成
[Sat Jul 25 12:10:01 AM CST 2026] 守护检查完成
[Sat Jul 25 12:15:02 AM CST 2026] 守护检查完成
[Sat Jul 25 12:20:01 AM CST 2026] 守护检查完成
[Sat Jul 25 12:25:01 AM CST 2026] 守护检查完成
[Sat Jul 25 12:30:01 AM CST 2026] 守护检查完成
[Sat Jul 25 12:35:01 AM CST 2026] 守护检查完成
[Sat Jul 25 12:40:01 AM CST 2026] 守护检查完成
[Sat Jul 25 12:45:01 AM CST 2026] 守护检查完成
[Sat Jul 25 12:50:01 AM CST 2026] 守护检查完成
[Sat Jul 25 12:55:01 AM CST 2026] 守护检查完成
[Sat Jul 25 01:00:02 AM CST 2026] 守护检查完成
[Sat Jul 25 01:05:01 AM CST 2026] 守护检查完成
[Sat Jul 25 01:10:01 AM CST 2026] 守护检查完成
[Sat Jul 25 01:15:01 AM CST 2026] 守护检查完成
[Sat Jul 25 01:20:01 AM CST 2026] 守护检查完成
[Sat Jul 25 01:25:01 AM CST 2026] 守护检查完成
[Sat Jul 25 01:30:01 AM CST 2026] 守护检查完成
[Sat Jul 25 01:35:01 AM CST 2026] 守护检查完成
[Sat Jul 25 01:40:02 AM CST 2026] 守护检查完成
[Sat Jul 25 01:45:01 AM CST 2026] 守护检查完成
[Sat Jul 25 01:50:01 AM CST 2026] 守护检查完成
[Sat Jul 25 01:55:02 AM CST 2026] 守护检查完成
[Sat Jul 25 02:00:01 AM CST 2026] 守护检查完成
[Sat Jul 25 02:05:01 AM CST 2026] 守护检查完成
[Sat Jul 25 02:10:01 AM CST 2026] 守护检查完成
[Sat Jul 25 02:15:02 AM CST 2026] 守护检查完成
[Sat Jul 25 02:20:01 AM CST 2026] 守护检查完成
[Sat Jul 25 02:25:01 AM CST 2026] 守护检查完成
[Sat Jul 25 02:30:01 AM CST 2026] 守护检查完成
[Sat Jul 25 02:35:01 AM CST 2026] 守护检查完成
[Sat Jul 25 02:40:01 AM CST 2026] 守护检查完成
[Sat Jul 25 02:45:01 AM CST 2026] 守护检查完成
[Sat Jul 25 02:50:01 AM CST 2026] 守护检查完成
[Sat Jul 25 02:55:01 AM CST 2026] 守护检查完成
[Sat Jul 25 03:00:01 AM CST 2026] 守护检查完成
[Sat Jul 25 03:05:01 AM CST 2026] 守护检查完成
[Sat Jul 25 03:10:01 AM CST 2026] 守护检查完成
[Sat Jul 25 03:15:02 AM CST 2026] 守护检查完成
[Sat Jul 25 03:20:01 AM CST 2026] 守护检查完成
[Sat Jul 25 03:25:01 AM CST 2026] 守护检查完成
[Sat Jul 25 03:30:01 AM CST 2026] 守护检查完成
[Sat Jul 25 03:35:02 AM CST 2026] 守护检查完成
[Sat Jul 25 03:40:01 AM CST 2026] 守护检查完成
[Sat Jul 25 03:45:01 AM CST 2026] 守护检查完成
[Sat Jul 25 03:50:01 AM CST 2026] 守护检查完成
[Sat Jul 25 03:55:01 AM CST 2026] 守护检查完成
[Sat Jul 25 04:00:01 AM CST 2026] 守护检查完成
[Sat Jul 25 04:05:01 AM CST 2026] 守护检查完成
[Sat Jul 25 04:10:01 AM CST 2026] 守护检查完成
[Sat Jul 25 04:15:01 AM CST 2026] 守护检查完成
[Sat Jul 25 04:20:01 AM CST 2026] 守护检查完成
[Sat Jul 25 04:25:01 AM CST 2026] 守护检查完成
[Sat Jul 25 04:30:01 AM CST 2026] 守护检查完成
[Sat Jul 25 04:35:01 AM CST 2026] 守护检查完成
[Sat Jul 25 04:40:01 AM CST 2026] 守护检查完成
[Sat Jul 25 04:45:01 AM CST 2026] 守护检查完成
[Sat Jul 25 04:50:01 AM CST 2026] 守护检查完成
[Sat Jul 25 04:55:01 AM CST 2026] 守护检查完成
[Sat Jul 25 05:00:01 AM CST 2026] 守护检查完成
[Sat Jul 25 05:05:01 AM CST 2026] 守护检查完成
[Sat Jul 25 05:10:01 AM CST 2026] 守护检查完成
[Sat Jul 25 05:15:01 AM CST 2026] 守护检查完成
[Sat Jul 25 05:20:01 AM CST 2026] 守护检查完成
[Sat Jul 25 05:25:02 AM CST 2026] 守护检查完成
[Sat Jul 25 05:30:01 AM CST 2026] 守护检查完成
[Sat Jul 25 05:35:01 AM CST 2026] 守护检查完成
[Sat Jul 25 05:40:01 AM CST 2026] 守护检查完成
[Sat Jul 25 05:45:01 AM CST 2026] 守护检查完成
[Sat Jul 25 05:50:02 AM CST 2026] 守护检查完成
[Sat Jul 25 05:55:01 AM CST 2026] 守护检查完成
[Sat Jul 25 06:00:01 AM CST 2026] 守护检查完成
[Sat Jul 25 06:05:01 AM CST 2026] 守护检查完成
[Sat Jul 25 06:10:02 AM CST 2026] 守护检查完成
[Sat Jul 25 06:15:01 AM CST 2026] 守护检查完成
[Sat Jul 25 06:20:01 AM CST 2026] 守护检查完成
[Sat Jul 25 06:25:01 AM CST 2026] 守护检查完成
[Sat Jul 25 06:30:01 AM CST 2026] 守护检查完成
[Sat Jul 25 06:35:01 AM CST 2026] 守护检查完成
[Sat Jul 25 06:40:01 AM CST 2026] 守护检查完成
[Sat Jul 25 06:45:01 AM CST 2026] 守护检查完成
[Sat Jul 25 06:50:01 AM CST 2026] 守护检查完成
[Sat Jul 25 06:55:02 AM CST 2026] 守护检查完成
[Sat Jul 25 07:00:01 AM CST 2026] 守护检查完成
[Sat Jul 25 07:05:01 AM CST 2026] 守护检查完成
[Sat Jul 25 07:10:01 AM CST 2026] 守护检查完成
[Sat Jul 25 07:15:01 AM CST 2026] 守护检查完成
[Sat Jul 25 07:20:02 AM CST 2026] 守护检查完成
[Sat Jul 25 07:25:01 AM CST 2026] 守护检查完成
[Sat Jul 25 07:30:01 AM CST 2026] 守护检查完成
[Sat Jul 25 07:35:01 AM CST 2026] 守护检查完成
[Sat Jul 25 07:40:01 AM CST 2026] 守护检查完成
[Sat Jul 25 07:45:01 AM CST 2026] 守护检查完成
[Sat Jul 25 07:50:01 AM CST 2026] 守护检查完成
[Sat Jul 25 07:55:01 AM CST 2026] 守护检查完成
[Sat Jul 25 08:00:01 AM CST 2026] 守护检查完成
[Sat Jul 25 08:05:01 AM CST 2026] 守护检查完成
[Sat Jul 25 08:10:01 AM CST 2026] 守护检查完成
[Sat Jul 25 08:15:02 AM CST 2026] 守护检查完成
[Sat Jul 25 08:20:01 AM CST 2026] 守护检查完成
[Sat Jul 25 08:25:01 AM CST 2026] 守护检查完成
[Sat Jul 25 08:30:01 AM CST 2026] 守护检查完成
[Sat Jul 25 08:35:01 AM CST 2026] 守护检查完成
[Sat Jul 25 08:40:02 AM CST 2026] 守护检查完成
[Sat Jul 25 08:45:01 AM CST 2026] FutuOpenD 已停止，正在重启...
[Sat Jul 25 08:45:03 AM CST 2026] FutuOpenD 重启失败！
[Sat Jul 25 08:45:03 AM CST 2026] BDE-API 已停止，正在重启...
[Sat Jul 25 08:45:05 AM CST 2026] BDE-API 重启成功
[Sat Jul 25 08:45:05 AM CST 2026] Bore-Tunnel 已停止，正在重启...
[Sat Jul 25 08:45:07 AM CST 2026] Bore-Tunnel 重启成功
[Sat Jul 25 08:45:07 AM CST 2026] 守护检查完成
[Sat Jul 25 08:50:02 AM CST 2026] FutuOpenD 已停止，正在重启...
[Sat Jul 25 08:50:04 AM CST 2026] FutuOpenD 重启失败！
[Sat Jul 25 08:50:04 AM CST 2026] 守护检查完成
[Sat Jul 25 08:55:01 AM CST 2026] FutuOpenD 已停止，正在重启...
[Sat Jul 25 08:55:03 AM CST 2026] FutuOpenD 重启失败！
[Sat Jul 25 08:55:03 AM CST 2026] 守护检查完成
[Sat Jul 25 09:00:01 AM CST 2026] FutuOpenD 已停止，正在重启...
[Sat Jul 25 09:00:03 AM CST 2026] FutuOpenD 重启失败！
[Sat Jul 25 09:00:03 AM CST 2026] 守护检查完成
[Sat Jul 25 09:05:01 AM CST 2026] FutuOpenD 已停止，正在重启...
[Sat Jul 25 09:05:03 AM CST 2026] FutuOpenD 重启失败！
[Sat Jul 25 09:05:03 AM CST 2026] 守护检查完成
[Sat Jul 25 09:10:01 AM CST 2026] FutuOpenD 已停止，正在重启...
[Sat Jul 25 09:10:03 AM CST 2026] FutuOpenD 重启失败！
[Sat Jul 25 09:10:03 AM CST 2026] 守护检查完成
[Sat Jul 25 09:15:02 AM CST 2026] FutuOpenD 已停止，正在重启...
[Sat Jul 25 09:15:04 AM CST 2026] FutuOpenD 重启失败！
[Sat Jul 25 09:15:04 AM CST 2026] 守护检查完成
[Sat Jul 25 09:20:01 AM CST 2026] FutuOpenD 已停止，正在重启...
[Sat Jul 25 09:20:03 AM CST 2026] FutuOpenD 重启失败！
[Sat Jul 25 09:20:03 AM CST 2026] 守护检查完成
[Sat Jul 25 09:25:01 AM CST 2026] FutuOpenD 已停止，正在重启...
[Sat Jul 25 09:25:04 AM CST 2026] FutuOpenD 重启失败！
[Sat Jul 25 09:25:04 AM CST 2026] 守护检查完成
[Sat Jul 25 09:30:01 AM CST 2026] FutuOpenD 已停止，正在重启...
[Sat Jul 25 09:30:03 AM CST 2026] FutuOpenD 重启失败！
[Sat Jul 25 09:30:03 AM CST 2026] 守护检查完成
[Sat Jul 25 09:35:01 AM CST 2026] FutuOpenD 已停止，正在重启...
[Sat Jul 25 09:35:03 AM CST 2026] FutuOpenD 重启失败！
[Sat Jul 25 09:35:03 AM CST 2026] 守护检查完成
[Sat Jul 25 09:40:01 AM CST 2026] FutuOpenD 已停止，正在重启...
[Sat Jul 25 09:40:04 AM CST 2026] FutuOpenD 重启失败！
[Sat Jul 25 09:40:04 AM CST 2026] 守护检查完成
[Sat Jul 25 09:45:01 AM CST 2026] FutuOpenD 已停止，正在重启...
[Sat Jul 25 09:45:03 AM CST 2026] FutuOpenD 重启失败！
[Sat Jul 25 09:45:03 AM CST 2026] 守护检查完成
[Sat Jul 25 09:50:01 AM CST 2026] FutuOpenD 已停止，正在重启...
[Sat Jul 25 09:50:03 AM CST 2026] FutuOpenD 重启失败！
[Sat Jul 25 09:50:03 AM CST 2026] 守护检查完成
[Sat Jul 25 09:55:01 AM CST 2026] FutuOpenD 已停止，正在重启...
[Sat Jul 25 09:55:04 AM CST 2026] FutuOpenD 重启失败！
[Sat Jul 25 09:55:04 AM CST 2026] 守护检查完成
[Sat Jul 25 10:00:01 AM CST 2026] FutuOpenD 已停止，正在重启...
[Sat Jul 25 10:00:03 AM CST 2026] FutuOpenD 重启失败！
[Sat Jul 25 10:00:03 AM CST 2026] 守护检查完成
[Sat Jul 25 10:05:01 AM CST 2026] FutuOpenD 已停止，正在重启...
[Sat Jul 25 10:05:03 AM CST 2026] FutuOpenD 重启失败！
[Sat Jul 25 10:05:03 AM CST 2026] 守护检查完成
[Sat Jul 25 10:10:02 AM CST 2026] FutuOpenD 已停止，正在重启...
[Sat Jul 25 10:10:04 AM CST 2026] FutuOpenD 重启失败！
[Sat Jul 25 10:10:04 AM CST 2026] 守护检查完成
[Sat Jul 25 10:15:01 AM CST 2026] FutuOpenD 已停止，正在重启...
[Sat Jul 25 10:15:03 AM CST 2026] FutuOpenD 重启失败！
[Sat Jul 25 10:15:03 AM CST 2026] 守护检查完成
[Sat Jul 25 10:20:01 AM CST 2026] FutuOpenD 已停止，正在重启...
[Sat Jul 25 10:20:03 AM CST 2026] FutuOpenD 重启失败！
[Sat Jul 25 10:20:03 AM CST 2026] 守护检查完成
[Sat Jul 25 10:25:02 AM CST 2026] FutuOpenD 已停止，正在重启...
[Sat Jul 25 10:25:04 AM CST 2026] FutuOpenD 重启失败！
[Sat Jul 25 10:25:04 AM CST 2026] 守护检查完成
[Sat Jul 25 10:30:01 AM CST 2026] FutuOpenD 已停止，正在重启...
[Sat Jul 25 10:30:03 AM CST 2026] FutuOpenD 重启失败！
[Sat Jul 25 10:30:03 AM CST 2026] 守护检查完成
[Sat Jul 25 10:35:01 AM CST 2026] FutuOpenD 已停止，正在重启...
[Sat Jul 25 10:35:03 AM CST 2026] FutuOpenD 重启失败！
[Sat Jul 25 10:35:03 AM CST 2026] 守护检查完成
[Sat Jul 25 10:40:01 AM CST 2026] FutuOpenD 已停止，正在重启...
[Sat Jul 25 10:40:04 AM CST 2026] FutuOpenD 重启失败！
[Sat Jul 25 10:40:04 AM CST 2026] 守护检查完成
[Sat Jul 25 10:45:01 AM CST 2026] FutuOpenD 已停止，正在重启...
[Sat Jul 25 10:45:03 AM CST 2026] FutuOpenD 重启失败！
[Sat Jul 25 10:45:03 AM CST 2026] 守护检查完成
[Sat Jul 25 10:50:01 AM CST 2026] FutuOpenD 已停止，正在重启...
[Sat Jul 25 10:50:03 AM CST 2026] FutuOpenD 重启失败！
[Sat Jul 25 10:50:03 AM CST 2026] 守护检查完成
[Sat Jul 25 10:55:01 AM CST 2026] FutuOpenD 已停止，正在重启...
[Sat Jul 25 10:55:04 AM CST 2026] FutuOpenD 重启失败！
[Sat Jul 25 10:55:04 AM CST 2026] 守护检查完成
[Sat Jul 25 11:00:01 AM CST 2026] FutuOpenD 已停止，正在重启...
[Sat Jul 25 11:00:03 AM CST 2026] FutuOpenD 重启失败！
[Sat Jul 25 11:00:03 AM CST 2026] 守护检查完成
[Sat Jul 25 11:05:01 AM CST 2026] FutuOpenD 已停止，正在重启...
[Sat Jul 25 11:05:03 AM CST 2026] FutuOpenD 重启失败！
[Sat Jul 25 11:05:03 AM CST 2026] 守护检查完成
[Sat Jul 25 11:10:02 AM CST 2026] FutuOpenD 已停止，正在重启...
[Sat Jul 25 11:10:04 AM CST 2026] FutuOpenD 重启失败！
[Sat Jul 25 11:10:04 AM CST 2026] 守护检查完成
[Sat Jul 25 11:15:01 AM CST 2026] FutuOpenD 已停止，正在重启...
[Sat Jul 25 11:15:03 AM CST 2026] FutuOpenD 重启失败！
[Sat Jul 25 11:15:03 AM CST 2026] BDE-API 已停止，正在重启...
[Sat Jul 25 11:15:05 AM CST 2026] BDE-API 重启成功
[Sat Jul 25 11:15:05 AM CST 2026] Bore-Tunnel 已停止，正在重启...
[Sat Jul 25 11:15:07 AM CST 2026] Bore-Tunnel 重启成功
[Sat Jul 25 11:15:07 AM CST 2026] 守护检查完成
[Sat Jul 25 11:20:01 AM CST 2026] FutuOpenD 已停止，正在重启...
[Sat Jul 25 11:20:03 AM CST 2026] FutuOpenD 重启失败！
[Sat Jul 25 11:20:04 AM CST 2026] 守护检查完成
[Sat Jul 25 11:25:01 AM CST 2026] FutuOpenD 已停止，正在重启...
[Sat Jul 25 11:25:03 AM CST 2026] FutuOpenD 重启失败！
[Sat Jul 25 11:25:03 AM CST 2026] 守护检查完成
[Sat Jul 25 11:30:01 AM CST 2026] FutuOpenD 已停止，正在重启...
[Sat Jul 25 11:30:03 AM CST 2026] FutuOpenD 重启失败！
[Sat Jul 25 11:30:03 AM CST 2026] 守护检查完成
[Sat Jul 25 11:35:02 AM CST 2026] FutuOpenD 已停止，正在重启...
[Sat Jul 25 11:35:04 AM CST 2026] FutuOpenD 重启失败！
[Sat Jul 25 11:35:04 AM CST 2026] 守护检查完成
[Sat Jul 25 11:40:01 AM CST 2026] FutuOpenD 已停止，正在重启...
[Sat Jul 25 11:40:03 AM CST 2026] FutuOpenD 重启失败！
[Sat Jul 25 11:40:03 AM CST 2026] 守护检查完成
[Sat Jul 25 11:45:01 AM CST 2026] FutuOpenD 已停止，正在重启...
[Sat Jul 25 11:45:03 AM CST 2026] FutuOpenD 重启失败！
[Sat Jul 25 11:45:03 AM CST 2026] 守护检查完成
[Sat Jul 25 11:50:02 AM CST 2026] FutuOpenD 已停止，正在重启...
[Sat Jul 25 11:50:04 AM CST 2026] FutuOpenD 重启失败！
[Sat Jul 25 11:50:04 AM CST 2026] 守护检查完成
[Sat Jul 25 11:55:01 AM CST 2026] FutuOpenD 已停止，正在重启...
[Sat Jul 25 11:55:03 AM CST 2026] FutuOpenD 重启失败！
[Sat Jul 25 11:55:03 AM CST 2026] 守护检查完成
[Sat Jul 25 12:00:01 PM CST 2026] FutuOpenD 已停止，正在重启...
[Sat Jul 25 12:00:04 PM CST 2026] FutuOpenD 重启失败！
[Sat Jul 25 12:00:04 PM CST 2026] 守护检查完成
[Sat Jul 25 12:05:01 PM CST 2026] FutuOpenD 已停止，正在重启...
[Sat Jul 25 12:05:03 PM CST 2026] FutuOpenD 重启失败！
[Sat Jul 25 12:05:03 PM CST 2026] 守护检查完成
[Sat Jul 25 12:10:01 PM CST 2026] FutuOpenD 已停止，正在重启...
[Sat Jul 25 12:10:03 PM CST 2026] FutuOpenD 重启失败！
[Sat Jul 25 12:10:03 PM CST 2026] 守护检查完成
[Sat Jul 25 12:15:01 PM CST 2026] FutuOpenD 已停止，正在重启...
[Sat Jul 25 12:15:03 PM CST 2026] FutuOpenD 重启失败！
[Sat Jul 25 12:15:03 PM CST 2026] 守护检查完成
[Sat Jul 25 12:20:01 PM CST 2026] FutuOpenD 已停止，正在重启...
[Sat Jul 25 12:20:03 PM CST 2026] FutuOpenD 重启失败！
[Sat Jul 25 12:20:03 PM CST 2026] 守护检查完成
[Sat Jul 25 12:25:01 PM CST 2026] FutuOpenD 已停止，正在重启...
[Sat Jul 25 12:25:03 PM CST 2026] FutuOpenD 重启失败！
[Sat Jul 25 12:25:03 PM CST 2026] 守护检查完成
[Sat Jul 25 12:30:01 PM CST 2026] FutuOpenD 已停止，正在重启...
[Sat Jul 25 12:30:03 PM CST 2026] FutuOpenD 重启失败！
[Sat Jul 25 12:30:03 PM CST 2026] 守护检查完成
[Sat Jul 25 12:35:01 PM CST 2026] FutuOpenD 已停止，正在重启...
[Sat Jul 25 12:35:03 PM CST 2026] FutuOpenD 重启失败！
[Sat Jul 25 12:35:03 PM CST 2026] 守护检查完成
[Sat Jul 25 12:40:01 PM CST 2026] FutuOpenD 已停止，正在重启...
[Sat Jul 25 12:40:03 PM CST 2026] FutuOpenD 重启失败！
[Sat Jul 25 12:40:04 PM CST 2026] 守护检查完成
[Sat Jul 25 12:45:01 PM CST 2026] FutuOpenD 已停止，正在重启...
[Sat Jul 25 12:45:03 PM CST 2026] FutuOpenD 重启失败！
[Sat Jul 25 12:45:03 PM CST 2026] 守护检查完成
[Sat Jul 25 12:50:01 PM CST 2026] FutuOpenD 已停止，正在重启...
[Sat Jul 25 12:50:03 PM CST 2026] FutuOpenD 重启失败！
[Sat Jul 25 12:50:03 PM CST 2026] 守护检查完成
[Sat Jul 25 12:55:01 PM CST 2026] FutuOpenD 已停止，正在重启...
[Sat Jul 25 12:55:03 PM CST 2026] FutuOpenD 重启失败！
[Sat Jul 25 12:55:03 PM CST 2026] 守护检查完成
[Sat Jul 25 01:00:01 PM CST 2026] FutuOpenD 已停止，正在重启...
[Sat Jul 25 01:00:04 PM CST 2026] FutuOpenD 重启失败！
[Sat Jul 25 01:00:04 PM CST 2026] 守护检查完成
[Sat Jul 25 01:05:01 PM CST 2026] FutuOpenD 已停止，正在重启...
[Sat Jul 25 01:05:03 PM CST 2026] FutuOpenD 重启失败！
[Sat Jul 25 01:05:03 PM CST 2026] 守护检查完成
[Sat Jul 25 01:10:01 PM CST 2026] FutuOpenD 已停止，正在重启...
[Sat Jul 25 01:10:03 PM CST 2026] FutuOpenD 重启失败！
[Sat Jul 25 01:10:03 PM CST 2026] 守护检查完成
[Sat Jul 25 01:15:01 PM CST 2026] FutuOpenD 已停止，正在重启...
[Sat Jul 25 01:15:04 PM CST 2026] FutuOpenD 重启失败！
[Sat Jul 25 01:15:04 PM CST 2026] 守护检查完成
[Sat Jul 25 01:20:01 PM CST 2026] FutuOpenD 已停止，正在重启...
[Sat Jul 25 01:20:03 PM CST 2026] FutuOpenD 重启失败！
[Sat Jul 25 01:20:03 PM CST 2026] 守护检查完成
[Sat Jul 25 01:25:01 PM CST 2026] FutuOpenD 已停止，正在重启...
[Sat Jul 25 01:25:03 PM CST 2026] FutuOpenD 重启失败！
[Sat Jul 25 01:25:03 PM CST 2026] 守护检查完成
[Sat Jul 25 01:30:01 PM CST 2026] FutuOpenD 已停止，正在重启...
[Sat Jul 25 01:30:04 PM CST 2026] FutuOpenD 重启失败！
[Sat Jul 25 01:30:04 PM CST 2026] 守护检查完成
[Sat Jul 25 01:35:01 PM CST 2026] FutuOpenD 已停止，正在重启...
[Sat Jul 25 01:35:03 PM CST 2026] FutuOpenD 重启失败！
[Sat Jul 25 01:35:03 PM CST 2026] 守护检查完成
[Sat Jul 25 01:40:01 PM CST 2026] FutuOpenD 已停止，正在重启...
[Sat Jul 25 01:40:03 PM CST 2026] FutuOpenD 重启失败！
[Sat Jul 25 01:40:03 PM CST 2026] 守护检查完成
[Sat Jul 25 01:45:02 PM CST 2026] FutuOpenD 已停止，正在重启...
[Sat Jul 25 01:45:04 PM CST 2026] FutuOpenD 重启失败！
[Sat Jul 25 01:45:04 PM CST 2026] 守护检查完成
[Sat Jul 25 01:50:01 PM CST 2026] FutuOpenD 已停止，正在重启...
[Sat Jul 25 01:50:03 PM CST 2026] FutuOpenD 重启失败！
[Sat Jul 25 01:50:03 PM CST 2026] 守护检查完成
[Sat Jul 25 01:55:01 PM CST 2026] FutuOpenD 已停止，正在重启...
[Sat Jul 25 01:55:03 PM CST 2026] FutuOpenD 重启失败！
[Sat Jul 25 01:55:03 PM CST 2026] 守护检查完成
[Sat Jul 25 02:00:01 PM CST 2026] FutuOpenD 已停止，正在重启...
[Sat Jul 25 02:00:03 PM CST 2026] FutuOpenD 重启失败！
[Sat Jul 25 02:00:03 PM CST 2026] 守护检查完成
[Sat Jul 25 02:05:01 PM CST 2026] FutuOpenD 已停止，正在重启...
[Sat Jul 25 02:05:03 PM CST 2026] FutuOpenD 重启失败！
[Sat Jul 25 02:05:03 PM CST 2026] 守护检查完成
[Sat Jul 25 02:10:01 PM CST 2026] FutuOpenD 已停止，正在重启...
[Sat Jul 25 02:10:03 PM CST 2026] FutuOpenD 重启失败！
[Sat Jul 25 02:10:03 PM CST 2026] 守护检查完成
[Sat Jul 25 02:15:01 PM CST 2026] FutuOpenD 已停止，正在重启...
[Sat Jul 25 02:15:03 PM CST 2026] FutuOpenD 重启失败！
[Sat Jul 25 02:15:03 PM CST 2026] 守护检查完成
[Sat Jul 25 02:20:01 PM CST 2026] FutuOpenD 已停止，正在重启...
[Sat Jul 25 02:20:03 PM CST 2026] FutuOpenD 重启失败！
[Sat Jul 25 02:20:03 PM CST 2026] 守护检查完成
[Sat Jul 25 02:25:01 PM CST 2026] FutuOpenD 已停止，正在重启...
[Sat Jul 25 02:25:03 PM CST 2026] FutuOpenD 重启失败！
[Sat Jul 25 02:25:03 PM CST 2026] 守护检查完成
[Sat Jul 25 02:30:01 PM CST 2026] FutuOpenD 已停止，正在重启...
[Sat Jul 25 02:30:03 PM CST 2026] FutuOpenD 重启失败！
[Sat Jul 25 02:30:04 PM CST 2026] 守护检查完成
[Sat Jul 25 02:35:01 PM CST 2026] FutuOpenD 已停止，正在重启...
[Sat Jul 25 02:35:03 PM CST 2026] FutuOpenD 重启失败！
[Sat Jul 25 02:35:03 PM CST 2026] 守护检查完成
[Sat Jul 25 02:40:01 PM CST 2026] FutuOpenD 已停止，正在重启...
[Sat Jul 25 02:40:03 PM CST 2026] FutuOpenD 重启失败！
[Sat Jul 25 02:40:03 PM CST 2026] 守护检查完成
[Sat Jul 25 02:45:01 PM CST 2026] FutuOpenD 已停止，正在重启...
[Sat Jul 25 02:45:03 PM CST 2026] FutuOpenD 重启失败！
[Sat Jul 25 02:45:03 PM CST 2026] 守护检查完成
[Sat Jul 25 02:50:01 PM CST 2026] FutuOpenD 已停止，正在重启...
[Sat Jul 25 02:50:04 PM CST 2026] FutuOpenD 重启失败！
[Sat Jul 25 02:50:04 PM CST 2026] 守护检查完成
[Sat Jul 25 02:55:01 PM CST 2026] FutuOpenD 已停止，正在重启...
[Sat Jul 25 02:55:03 PM CST 2026] FutuOpenD 重启失败！
[Sat Jul 25 02:55:03 PM CST 2026] 守护检查完成
[Sat Jul 25 03:00:01 PM CST 2026] FutuOpenD 已停止，正在重启...
[Sat Jul 25 03:00:03 PM CST 2026] FutuOpenD 重启失败！
[Sat Jul 25 03:00:03 PM CST 2026] 守护检查完成
[Sat Jul 25 03:05:01 PM CST 2026] FutuOpenD 已停止，正在重启...
[Sat Jul 25 03:05:04 PM CST 2026] FutuOpenD 重启失败！
[Sat Jul 25 03:05:04 PM CST 2026] 守护检查完成
[Sat Jul 25 03:10:01 PM CST 2026] FutuOpenD 已停止，正在重启...
[Sat Jul 25 03:10:03 PM CST 2026] FutuOpenD 重启失败！
[Sat Jul 25 03:10:03 PM CST 2026] 守护检查完成
[Sat Jul 25 03:15:01 PM CST 2026] FutuOpenD 已停止，正在重启...
[Sat Jul 25 03:15:03 PM CST 2026] FutuOpenD 重启失败！
[Sat Jul 25 03:15:03 PM CST 2026] 守护检查完成
[Sat Jul 25 03:20:01 PM CST 2026] FutuOpenD 已停止，正在重启...
[Sat Jul 25 03:20:04 PM CST 2026] FutuOpenD 重启失败！
[Sat Jul 25 03:20:04 PM CST 2026] 守护检查完成
[Sat Jul 25 03:25:01 PM CST 2026] FutuOpenD 已停止，正在重启...
[Sat Jul 25 03:25:03 PM CST 2026] FutuOpenD 重启失败！
[Sat Jul 25 03:25:03 PM CST 2026] 守护检查完成
[Sat Jul 25 03:30:01 PM CST 2026] FutuOpenD 已停止，正在重启...
[Sat Jul 25 03:30:03 PM CST 2026] FutuOpenD 重启失败！
[Sat Jul 25 03:30:03 PM CST 2026] 守护检查完成
[Sat Jul 25 03:35:01 PM CST 2026] FutuOpenD 已停止，正在重启...
[Sat Jul 25 03:35:03 PM CST 2026] FutuOpenD 重启失败！
[Sat Jul 25 03:35:03 PM CST 2026] 守护检查完成
[Sat Jul 25 03:40:02 PM CST 2026] FutuOpenD 已停止，正在重启...
[Sat Jul 25 03:40:04 PM CST 2026] FutuOpenD 重启失败！
[Sat Jul 25 03:40:04 PM CST 2026] 守护检查完成
[Sat Jul 25 03:45:01 PM CST 2026] FutuOpenD 已停止，正在重启...
[Sat Jul 25 03:45:03 PM CST 2026] FutuOpenD 重启失败！
[Sat Jul 25 03:45:03 PM CST 2026] 守护检查完成
[Sat Jul 25 03:50:01 PM CST 2026] FutuOpenD 已停止，正在重启...
[Sat Jul 25 03:50:03 PM CST 2026] FutuOpenD 重启失败！
[Sat Jul 25 03:50:03 PM CST 2026] 守护检查完成
[Sat Jul 25 03:55:01 PM CST 2026] FutuOpenD 已停止，正在重启...
[Sat Jul 25 03:55:04 PM CST 2026] FutuOpenD 重启失败！
[Sat Jul 25 03:55:04 PM CST 2026] 守护检查完成
[Sat Jul 25 04:00:01 PM CST 2026] FutuOpenD 已停止，正在重启...
[Sat Jul 25 04:00:03 PM CST 2026] FutuOpenD 重启失败！
[Sat Jul 25 04:00:03 PM CST 2026] 守护检查完成
[Sat Jul 25 04:05:01 PM CST 2026] FutuOpenD 已停止，正在重启...
[Sat Jul 25 04:05:03 PM CST 2026] FutuOpenD 重启失败！
[Sat Jul 25 04:05:03 PM CST 2026] 守护检查完成
[Sat Jul 25 04:10:01 PM CST 2026] FutuOpenD 已停止，正在重启...
[Sat Jul 25 04:10:03 PM CST 2026] FutuOpenD 重启失败！
[Sat Jul 25 04:10:03 PM CST 2026] 守护检查完成
[Sat Jul 25 04:15:01 PM CST 2026] FutuOpenD 已停止，正在重启...
[Sat Jul 25 04:15:03 PM CST 2026] FutuOpenD 重启失败！
[Sat Jul 25 04:15:03 PM CST 2026] 守护检查完成
[Sat Jul 25 04:20:01 PM CST 2026] FutuOpenD 已停止，正在重启...
[Sat Jul 25 04:20:03 PM CST 2026] FutuOpenD 重启失败！
[Sat Jul 25 04:20:03 PM CST 2026] 守护检查完成
[Sat Jul 25 04:25:01 PM CST 2026] FutuOpenD 已停止，正在重启...
[Sat Jul 25 04:25:03 PM CST 2026] FutuOpenD 重启失败！
[Sat Jul 25 04:25:03 PM CST 2026] 守护检查完成
[Sat Jul 25 04:30:02 PM CST 2026] FutuOpenD 已停止，正在重启...
[Sat Jul 25 04:30:04 PM CST 2026] FutuOpenD 重启失败！
[Sat Jul 25 04:30:04 PM CST 2026] 守护检查完成
[Sat Jul 25 04:35:01 PM CST 2026] FutuOpenD 已停止，正在重启...
[Sat Jul 25 04:35:03 PM CST 2026] FutuOpenD 重启失败！
[Sat Jul 25 04:35:03 PM CST 2026] 守护检查完成
[Sat Jul 25 04:40:01 PM CST 2026] FutuOpenD 已停止，正在重启...
[Sat Jul 25 04:40:03 PM CST 2026] FutuOpenD 重启失败！
[Sat Jul 25 04:40:03 PM CST 2026] 守护检查完成
[Sat Jul 25 04:45:02 PM CST 2026] FutuOpenD 已停止，正在重启...
[Sat Jul 25 04:45:04 PM CST 2026] FutuOpenD 重启失败！
[Sat Jul 25 04:45:04 PM CST 2026] 守护检查完成
[Sat Jul 25 04:50:01 PM CST 2026] FutuOpenD 已停止，正在重启...
[Sat Jul 25 04:50:03 PM CST 2026] FutuOpenD 重启失败！
[Sat Jul 25 04:50:03 PM CST 2026] 守护检查完成
[Sat Jul 25 04:55:01 PM CST 2026] FutuOpenD 已停止，正在重启...
[Sat Jul 25 04:55:03 PM CST 2026] FutuOpenD 重启失败！
[Sat Jul 25 04:55:03 PM CST 2026] 守护检查完成
[Sat Jul 25 05:00:01 PM CST 2026] FutuOpenD 已停止，正在重启...
[Sat Jul 25 05:00:04 PM CST 2026] FutuOpenD 重启失败！
[Sat Jul 25 05:00:04 PM CST 2026] 守护检查完成
[Sat Jul 25 05:05:01 PM CST 2026] FutuOpenD 已停止，正在重启...
[Sat Jul 25 05:05:03 PM CST 2026] FutuOpenD 重启失败！
[Sat Jul 25 05:05:03 PM CST 2026] 守护检查完成
[Sat Jul 25 05:10:01 PM CST 2026] FutuOpenD 已停止，正在重启...
[Sat Jul 25 05:10:03 PM CST 2026] FutuOpenD 重启失败！
[Sat Jul 25 05:10:03 PM CST 2026] 守护检查完成
[Sat Jul 25 05:15:02 PM CST 2026] FutuOpenD 已停止，正在重启...
[Sat Jul 25 05:15:04 PM CST 2026] FutuOpenD 重启失败！
[Sat Jul 25 05:15:04 PM CST 2026] 守护检查完成
[Sat Jul 25 05:20:01 PM CST 2026] FutuOpenD 已停止，正在重启...
[Sat Jul 25 05:20:03 PM CST 2026] FutuOpenD 重启失败！
[Sat Jul 25 05:20:03 PM CST 2026] 守护检查完成
[Sat Jul 25 05:25:01 PM CST 2026] FutuOpenD 已停止，正在重启...
[Sat Jul 25 05:25:03 PM CST 2026] FutuOpenD 重启失败！
[Sat Jul 25 05:25:03 PM CST 2026] 守护检查完成
[Sat Jul 25 05:30:02 PM CST 2026] FutuOpenD 已停止，正在重启...
[Sat Jul 25 05:30:04 PM CST 2026] FutuOpenD 重启失败！
[Sat Jul 25 05:30:04 PM CST 2026] 守护检查完成
[Sat Jul 25 05:35:01 PM CST 2026] FutuOpenD 已停止，正在重启...
[Sat Jul 25 05:35:03 PM CST 2026] FutuOpenD 重启失败！
[Sat Jul 25 05:35:03 PM CST 2026] 守护检查完成
[Sat Jul 25 05:40:01 PM CST 2026] FutuOpenD 已停止，正在重启...
[Sat Jul 25 05:40:03 PM CST 2026] FutuOpenD 重启失败！
[Sat Jul 25 05:40:03 PM CST 2026] 守护检查完成
[Sat Jul 25 05:45:01 PM CST 2026] FutuOpenD 已停止，正在重启...
[Sat Jul 25 05:45:03 PM CST 2026] FutuOpenD 重启失败！
[Sat Jul 25 05:45:03 PM CST 2026] 守护检查完成
[Sat Jul 25 05:50:01 PM CST 2026] FutuOpenD 已停止，正在重启...
[Sat Jul 25 05:50:03 PM CST 2026] FutuOpenD 重启失败！
[Sat Jul 25 05:50:03 PM CST 2026] 守护检查完成
[Sat Jul 25 05:55:01 PM CST 2026] FutuOpenD 已停止，正在重启...
[Sat Jul 25 05:55:03 PM CST 2026] FutuOpenD 重启失败！
[Sat Jul 25 05:55:03 PM CST 2026] 守护检查完成
[Sat Jul 25 06:00:02 PM CST 2026] FutuOpenD 已停止，正在重启...
[Sat Jul 25 06:00:04 PM CST 2026] FutuOpenD 重启失败！
[Sat Jul 25 06:00:04 PM CST 2026] 守护检查完成
[Sat Jul 25 06:05:01 PM CST 2026] FutuOpenD 已停止，正在重启...
[Sat Jul 25 06:05:03 PM CST 2026] FutuOpenD 重启失败！
[Sat Jul 25 06:05:03 PM CST 2026] 守护检查完成
[Sat Jul 25 06:10:01 PM CST 2026] FutuOpenD 已停止，正在重启...
[Sat Jul 25 06:10:04 PM CST 2026] FutuOpenD 重启失败！
[Sat Jul 25 06:10:04 PM CST 2026] 守护检查完成
[Sat Jul 25 06:15:01 PM CST 2026] FutuOpenD 已停止，正在重启...
[Sat Jul 25 06:15:03 PM CST 2026] FutuOpenD 重启失败！
[Sat Jul 25 06:15:03 PM CST 2026] 守护检查完成
[Sat Jul 25 06:20:01 PM CST 2026] FutuOpenD 已停止，正在重启...
[Sat Jul 25 06:20:03 PM CST 2026] FutuOpenD 重启失败！
[Sat Jul 25 06:20:03 PM CST 2026] 守护检查完成
[Sat Jul 25 06:25:02 PM CST 2026] FutuOpenD 已停止，正在重启...
[Sat Jul 25 06:25:04 PM CST 2026] FutuOpenD 重启失败！
[Sat Jul 25 06:25:04 PM CST 2026] 守护检查完成
[Sat Jul 25 06:30:01 PM CST 2026] FutuOpenD 已停止，正在重启...
[Sat Jul 25 06:30:03 PM CST 2026] FutuOpenD 重启失败！
[Sat Jul 25 06:30:03 PM CST 2026] 守护检查完成
[Sat Jul 25 06:35:01 PM CST 2026] FutuOpenD 已停止，正在重启...
[Sat Jul 25 06:35:03 PM CST 2026] FutuOpenD 重启失败！
[Sat Jul 25 06:35:03 PM CST 2026] 守护检查完成
[Sat Jul 25 06:40:01 PM CST 2026] FutuOpenD 已停止，正在重启...
[Sat Jul 25 06:40:04 PM CST 2026] FutuOpenD 重启失败！
[Sat Jul 25 06:40:04 PM CST 2026] 守护检查完成
[Sat Jul 25 06:45:01 PM CST 2026] 守护检查完成
[Sat Jul 25 06:50:01 PM CST 2026] 守护检查完成
[Sat Jul 25 06:55:01 PM CST 2026] 守护检查完成
[Sat Jul 25 07:00:01 PM CST 2026] 守护检查完成
[Sat Jul 25 07:05:01 PM CST 2026] FutuOpenD 已停止，正在重启...
[Sat Jul 25 07:05:03 PM CST 2026] FutuOpenD 重启失败！
[Sat Jul 25 07:05:03 PM CST 2026] 守护检查完成
[Sat Jul 25 07:10:01 PM CST 2026] FutuOpenD 已停止，正在重启...
[Sat Jul 25 07:10:03 PM CST 2026] FutuOpenD 重启失败！
[Sat Jul 25 07:10:03 PM CST 2026] 守护检查完成
[Sat Jul 25 07:15:01 PM CST 2026] FutuOpenD 已停止，正在重启...
[Sat Jul 25 07:15:03 PM CST 2026] FutuOpenD 重启失败！
[Sat Jul 25 07:15:03 PM CST 2026] 守护检查完成
[Sat Jul 25 07:20:01 PM CST 2026] FutuOpenD 已停止，正在重启...
[Sat Jul 25 07:20:03 PM CST 2026] FutuOpenD 重启失败！
[Sat Jul 25 07:20:03 PM CST 2026] 守护检查完成
[Sat Jul 25 07:25:01 PM CST 2026] FutuOpenD 已停止，正在重启...
[Sat Jul 25 07:25:03 PM CST 2026] FutuOpenD 重启失败！
[Sat Jul 25 07:25:03 PM CST 2026] 守护检查完成
[Sat Jul 25 07:30:01 PM CST 2026] FutuOpenD 已停止，正在重启...
[Sat Jul 25 07:30:03 PM CST 2026] FutuOpenD 重启失败！
[Sat Jul 25 07:30:03 PM CST 2026] 守护检查完成
[Sat Jul 25 07:35:01 PM CST 2026] FutuOpenD 已停止，正在重启...
[Sat Jul 25 07:35:03 PM CST 2026] FutuOpenD 重启失败！
[Sat Jul 25 07:35:03 PM CST 2026] 守护检查完成
[Sat Jul 25 07:40:01 PM CST 2026] FutuOpenD 已停止，正在重启...
[Sat Jul 25 07:40:03 PM CST 2026] FutuOpenD 重启失败！
[Sat Jul 25 07:40:03 PM CST 2026] 守护检查完成
[Sat Jul 25 07:45:01 PM CST 2026] FutuOpenD 已停止，正在重启...
[Sat Jul 25 07:45:03 PM CST 2026] FutuOpenD 重启失败！
[Sat Jul 25 07:45:03 PM CST 2026] 守护检查完成
[Sat Jul 25 07:50:01 PM CST 2026] FutuOpenD 已停止，正在重启...
[Sat Jul 25 07:50:03 PM CST 2026] FutuOpenD 重启失败！
[Sat Jul 25 07:50:03 PM CST 2026] 守护检查完成
[Sat Jul 25 07:55:01 PM CST 2026] FutuOpenD 已停止，正在重启...
[Sat Jul 25 07:55:03 PM CST 2026] FutuOpenD 重启失败！
[Sat Jul 25 07:55:04 PM CST 2026] 守护检查完成
[Sat Jul 25 08:00:01 PM CST 2026] FutuOpenD 已停止，正在重启...
[Sat Jul 25 08:00:03 PM CST 2026] FutuOpenD 重启失败！
[Sat Jul 25 08:00:03 PM CST 2026] 守护检查完成
[Sat Jul 25 08:05:01 PM CST 2026] FutuOpenD 已停止，正在重启...
[Sat Jul 25 08:05:03 PM CST 2026] FutuOpenD 重启失败！
[Sat Jul 25 08:05:03 PM CST 2026] 守护检查完成
[Sat Jul 25 08:10:01 PM CST 2026] FutuOpenD 已停止，正在重启...
[Sat Jul 25 08:10:03 PM CST 2026] FutuOpenD 重启失败！
[Sat Jul 25 08:10:03 PM CST 2026] 守护检查完成
[Sat Jul 25 08:15:01 PM CST 2026] FutuOpenD 已停止，正在重启...
[Sat Jul 25 08:15:03 PM CST 2026] FutuOpenD 重启失败！
[Sat Jul 25 08:15:03 PM CST 2026] 守护检查完成
[Sat Jul 25 08:20:01 PM CST 2026] FutuOpenD 已停止，正在重启...
[Sat Jul 25 08:20:03 PM CST 2026] FutuOpenD 重启失败！
[Sat Jul 25 08:20:03 PM CST 2026] 守护检查完成
[Sat Jul 25 08:25:02 PM CST 2026] FutuOpenD 已停止，正在重启...
[Sat Jul 25 08:25:04 PM CST 2026] FutuOpenD 重启失败！
[Sat Jul 25 08:25:04 PM CST 2026] 守护检查完成
[Sat Jul 25 08:30:01 PM CST 2026] FutuOpenD 已停止，正在重启...
[Sat Jul 25 08:30:03 PM CST 2026] FutuOpenD 重启失败！
[Sat Jul 25 08:30:03 PM CST 2026] 守护检查完成
[Sat Jul 25 08:35:01 PM CST 2026] FutuOpenD 已停止，正在重启...
[Sat Jul 25 08:35:03 PM CST 2026] FutuOpenD 重启失败！
[Sat Jul 25 08:35:03 PM CST 2026] 守护检查完成
[Sat Jul 25 08:40:01 PM CST 2026] FutuOpenD 已停止，正在重启...
[Sat Jul 25 08:40:03 PM CST 2026] FutuOpenD 重启失败！
[Sat Jul 25 08:40:03 PM CST 2026] 守护检查完成
[Sat Jul 25 08:45:02 PM CST 2026] FutuOpenD 已停止，正在重启...
[Sat Jul 25 08:45:04 PM CST 2026] FutuOpenD 重启失败！
[Sat Jul 25 08:45:04 PM CST 2026] 守护检查完成
[Sat Jul 25 08:50:01 PM CST 2026] FutuOpenD 已停止，正在重启...
[Sat Jul 25 08:50:03 PM CST 2026] FutuOpenD 重启失败！
[Sat Jul 25 08:50:03 PM CST 2026] 守护检查完成
[Sat Jul 25 08:55:01 PM CST 2026] FutuOpenD 已停止，正在重启...
[Sat Jul 25 08:55:03 PM CST 2026] FutuOpenD 重启失败！
[Sat Jul 25 08:55:03 PM CST 2026] 守护检查完成
[Sat Jul 25 09:00:02 PM CST 2026] FutuOpenD 已停止，正在重启...
[Sat Jul 25 09:00:04 PM CST 2026] FutuOpenD 重启失败！
[Sat Jul 25 09:00:04 PM CST 2026] 守护检查完成
[Sat Jul 25 09:05:01 PM CST 2026] FutuOpenD 已停止，正在重启...
[Sat Jul 25 09:05:03 PM CST 2026] FutuOpenD 重启失败！
[Sat Jul 25 09:05:03 PM CST 2026] 守护检查完成
[Sat Jul 25 09:10:01 PM CST 2026] FutuOpenD 已停止，正在重启...
[Sat Jul 25 09:10:03 PM CST 2026] FutuOpenD 重启失败！
[Sat Jul 25 09:10:03 PM CST 2026] 守护检查完成
[Sat Jul 25 09:15:01 PM CST 2026] FutuOpenD 已停止，正在重启...
[Sat Jul 25 09:15:04 PM CST 2026] FutuOpenD 重启失败！
[Sat Jul 25 09:15:04 PM CST 2026] 守护检查完成
[Sat Jul 25 09:20:01 PM CST 2026] FutuOpenD 已停止，正在重启...
[Sat Jul 25 09:20:03 PM CST 2026] FutuOpenD 重启失败！
[Sat Jul 25 09:20:03 PM CST 2026] 守护检查完成
[Sat Jul 25 09:25:01 PM CST 2026] FutuOpenD 已停止，正在重启...
[Sat Jul 25 09:25:03 PM CST 2026] FutuOpenD 重启失败！
[Sat Jul 25 09:25:03 PM CST 2026] 守护检查完成
[Sat Jul 25 09:30:02 PM CST 2026] FutuOpenD 已停止，正在重启...
[Sat Jul 25 09:30:04 PM CST 2026] FutuOpenD 重启失败！
[Sat Jul 25 09:30:04 PM CST 2026] 守护检查完成
[Sat Jul 25 09:35:01 PM CST 2026] FutuOpenD 已停止，正在重启...
[Sat Jul 25 09:35:03 PM CST 2026] FutuOpenD 重启失败！
[Sat Jul 25 09:35:03 PM CST 2026] 守护检查完成
[Sat Jul 25 09:40:01 PM CST 2026] FutuOpenD 已停止，正在重启...
[Sat Jul 25 09:40:03 PM CST 2026] FutuOpenD 重启失败！
[Sat Jul 25 09:40:03 PM CST 2026] 守护检查完成
[Sat Jul 25 09:45:01 PM CST 2026] FutuOpenD 已停止，正在重启...
[Sat Jul 25 09:45:04 PM CST 2026] FutuOpenD 重启失败！
[Sat Jul 25 09:45:04 PM CST 2026] 守护检查完成
[Sat Jul 25 09:50:01 PM CST 2026] FutuOpenD 已停止，正在重启...
[Sat Jul 25 09:50:03 PM CST 2026] FutuOpenD 重启失败！
[Sat Jul 25 09:50:03 PM CST 2026] 守护检查完成
[Sat Jul 25 09:55:01 PM CST 2026] FutuOpenD 已停止，正在重启...
[Sat Jul 25 09:55:03 PM CST 2026] FutuOpenD 重启失败！
[Sat Jul 25 09:55:03 PM CST 2026] 守护检查完成
[Sat Jul 25 10:00:01 PM CST 2026] FutuOpenD 已停止，正在重启...
[Sat Jul 25 10:00:03 PM CST 2026] FutuOpenD 重启失败！
[Sat Jul 25 10:00:03 PM CST 2026] 守护检查完成
[Sat Jul 25 10:05:01 PM CST 2026] FutuOpenD 已停止，正在重启...
[Sat Jul 25 10:05:03 PM CST 2026] FutuOpenD 重启失败！
[Sat Jul 25 10:05:03 PM CST 2026] 守护检查完成
[Sat Jul 25 10:10:01 PM CST 2026] FutuOpenD 已停止，正在重启...
[Sat Jul 25 10:10:03 PM CST 2026] FutuOpenD 重启失败！
[Sat Jul 25 10:10:03 PM CST 2026] 守护检查完成
[Sat Jul 25 10:15:01 PM CST 2026] FutuOpenD 已停止，正在重启...
[Sat Jul 25 10:15:03 PM CST 2026] FutuOpenD 重启失败！
[Sat Jul 25 10:15:03 PM CST 2026] 守护检查完成
[Sat Jul 25 10:20:01 PM CST 2026] FutuOpenD 已停止，正在重启...
[Sat Jul 25 10:20:03 PM CST 2026] FutuOpenD 重启失败！
[Sat Jul 25 10:20:03 PM CST 2026] 守护检查完成
[Sat Jul 25 10:25:02 PM CST 2026] FutuOpenD 已停止，正在重启...
[Sat Jul 25 10:25:04 PM CST 2026] FutuOpenD 重启失败！
[Sat Jul 25 10:25:04 PM CST 2026] 守护检查完成
[Sat Jul 25 10:30:01 PM CST 2026] FutuOpenD 已停止，正在重启...
[Sat Jul 25 10:30:03 PM CST 2026] FutuOpenD 重启失败！
[Sat Jul 25 10:30:03 PM CST 2026] 守护检查完成
[Sat Jul 25 10:35:01 PM CST 2026] FutuOpenD 已停止，正在重启...
[Sat Jul 25 10:35:03 PM CST 2026] FutuOpenD 重启失败！
[Sat Jul 25 10:35:03 PM CST 2026] 守护检查完成
[Sat Jul 25 10:40:01 PM CST 2026] FutuOpenD 已停止，正在重启...
[Sat Jul 25 10:40:03 PM CST 2026] FutuOpenD 重启失败！
[Sat Jul 25 10:40:03 PM CST 2026] 守护检查完成
[Sat Jul 25 10:45:02 PM CST 2026] FutuOpenD 已停止，正在重启...
[Sat Jul 25 10:45:04 PM CST 2026] FutuOpenD 重启失败！
[Sat Jul 25 10:45:04 PM CST 2026] 守护检查完成
[Sat Jul 25 10:50:01 PM CST 2026] FutuOpenD 已停止，正在重启...
[Sat Jul 25 10:50:03 PM CST 2026] FutuOpenD 重启失败！
[Sat Jul 25 10:50:03 PM CST 2026] 守护检查完成
[Sat Jul 25 10:55:01 PM CST 2026] FutuOpenD 已停止，正在重启...
[Sat Jul 25 10:55:03 PM CST 2026] FutuOpenD 重启失败！
[Sat Jul 25 10:55:04 PM CST 2026] 守护检查完成
[Sat Jul 25 11:00:01 PM CST 2026] FutuOpenD 已停止，正在重启...
[Sat Jul 25 11:00:03 PM CST 2026] FutuOpenD 重启失败！
[Sat Jul 25 11:00:03 PM CST 2026] 守护检查完成
[Sat Jul 25 11:05:01 PM CST 2026] FutuOpenD 已停止，正在重启...
[Sat Jul 25 11:05:03 PM CST 2026] FutuOpenD 重启失败！
[Sat Jul 25 11:05:03 PM CST 2026] 守护检查完成
[Sat Jul 25 11:10:01 PM CST 2026] FutuOpenD 已停止，正在重启...
[Sat Jul 25 11:10:04 PM CST 2026] FutuOpenD 重启失败！
[Sat Jul 25 11:10:04 PM CST 2026] 守护检查完成
[Sat Jul 25 11:15:01 PM CST 2026] FutuOpenD 已停止，正在重启...
[Sat Jul 25 11:15:03 PM CST 2026] FutuOpenD 重启失败！
[Sat Jul 25 11:15:03 PM CST 2026] 守护检查完成
[Sat Jul 25 11:20:01 PM CST 2026] FutuOpenD 已停止，正在重启...
[Sat Jul 25 11:20:03 PM CST 2026] FutuOpenD 重启失败！
[Sat Jul 25 11:20:03 PM CST 2026] 守护检查完成
[Sat Jul 25 11:25:01 PM CST 2026] FutuOpenD 已停止，正在重启...
[Sat Jul 25 11:25:04 PM CST 2026] FutuOpenD 重启失败！
[Sat Jul 25 11:25:04 PM CST 2026] 守护检查完成
[Sat Jul 25 11:30:01 PM CST 2026] FutuOpenD 已停止，正在重启...
[Sat Jul 25 11:30:03 PM CST 2026] FutuOpenD 重启失败！
[Sat Jul 25 11:30:03 PM CST 2026] 守护检查完成
[Sat Jul 25 11:35:01 PM CST 2026] FutuOpenD 已停止，正在重启...
[Sat Jul 25 11:35:03 PM CST 2026] FutuOpenD 重启失败！
[Sat Jul 25 11:35:03 PM CST 2026] 守护检查完成
[Sat Jul 25 11:40:02 PM CST 2026] FutuOpenD 已停止，正在重启...
[Sat Jul 25 11:40:04 PM CST 2026] FutuOpenD 重启失败！
[Sat Jul 25 11:40:04 PM CST 2026] 守护检查完成
[Sat Jul 25 11:45:01 PM CST 2026] FutuOpenD 已停止，正在重启...
[Sat Jul 25 11:45:03 PM CST 2026] FutuOpenD 重启失败！
[Sat Jul 25 11:45:03 PM CST 2026] 守护检查完成
[Sat Jul 25 11:50:01 PM CST 2026] FutuOpenD 已停止，正在重启...
[Sat Jul 25 11:50:03 PM CST 2026] FutuOpenD 重启失败！
[Sat Jul 25 11:50:03 PM CST 2026] 守护检查完成
[Sat Jul 25 11:55:02 PM CST 2026] FutuOpenD 已停止，正在重启...
[Sat Jul 25 11:55:04 PM CST 2026] FutuOpenD 重启失败！
[Sat Jul 25 11:55:04 PM CST 2026] 守护检查完成
[Sun Jul 26 12:00:01 AM CST 2026] FutuOpenD 已停止，正在重启...
[Sun Jul 26 12:00:03 AM CST 2026] FutuOpenD 重启失败！
[Sun Jul 26 12:00:03 AM CST 2026] 守护检查完成
[Sun Jul 26 12:05:01 AM CST 2026] FutuOpenD 已停止，正在重启...
[Sun Jul 26 12:05:03 AM CST 2026] FutuOpenD 重启失败！
[Sun Jul 26 12:05:03 AM CST 2026] 守护检查完成
[Sun Jul 26 12:10:01 AM CST 2026] FutuOpenD 已停止，正在重启...
[Sun Jul 26 12:10:03 AM CST 2026] FutuOpenD 重启失败！
[Sun Jul 26 12:10:04 AM CST 2026] 守护检查完成
[Sun Jul 26 12:15:01 AM CST 2026] FutuOpenD 已停止，正在重启...
[Sun Jul 26 12:15:03 AM CST 2026] FutuOpenD 重启失败！
[Sun Jul 26 12:15:03 AM CST 2026] 守护检查完成
[Sun Jul 26 12:20:01 AM CST 2026] FutuOpenD 已停止，正在重启...
[Sun Jul 26 12:20:03 AM CST 2026] FutuOpenD 重启失败！
[Sun Jul 26 12:20:03 AM CST 2026] 守护检查完成
[Sun Jul 26 12:25:02 AM CST 2026] FutuOpenD 已停止，正在重启...
[Sun Jul 26 12:25:04 AM CST 2026] FutuOpenD 重启失败！
[Sun Jul 26 12:25:04 AM CST 2026] 守护检查完成
[Sun Jul 26 12:30:01 AM CST 2026] FutuOpenD 已停止，正在重启...
[Sun Jul 26 12:30:03 AM CST 2026] FutuOpenD 重启失败！
[Sun Jul 26 12:30:03 AM CST 2026] 守护检查完成
[Sun Jul 26 12:35:01 AM CST 2026] FutuOpenD 已停止，正在重启...
[Sun Jul 26 12:35:03 AM CST 2026] FutuOpenD 重启失败！
[Sun Jul 26 12:35:03 AM CST 2026] 守护检查完成
[Sun Jul 26 12:40:01 AM CST 2026] FutuOpenD 已停止，正在重启...
[Sun Jul 26 12:40:04 AM CST 2026] FutuOpenD 重启失败！
[Sun Jul 26 12:40:04 AM CST 2026] 守护检查完成
[Sun Jul 26 12:45:01 AM CST 2026] FutuOpenD 已停止，正在重启...
[Sun Jul 26 12:45:03 AM CST 2026] FutuOpenD 重启失败！
[Sun Jul 26 12:45:03 AM CST 2026] 守护检查完成
[Sun Jul 26 12:50:01 AM CST 2026] FutuOpenD 已停止，正在重启...
[Sun Jul 26 12:50:03 AM CST 2026] FutuOpenD 重启失败！
[Sun Jul 26 12:50:03 AM CST 2026] 守护检查完成
[Sun Jul 26 12:55:01 AM CST 2026] FutuOpenD 已停止，正在重启...
[Sun Jul 26 12:55:04 AM CST 2026] FutuOpenD 重启失败！
[Sun Jul 26 12:55:04 AM CST 2026] 守护检查完成
[Sun Jul 26 01:00:01 AM CST 2026] FutuOpenD 已停止，正在重启...
[Sun Jul 26 01:00:03 AM CST 2026] FutuOpenD 重启失败！
[Sun Jul 26 01:00:03 AM CST 2026] 守护检查完成
[Sun Jul 26 01:05:01 AM CST 2026] FutuOpenD 已停止，正在重启...
[Sun Jul 26 01:05:03 AM CST 2026] FutuOpenD 重启失败！
[Sun Jul 26 01:05:03 AM CST 2026] 守护检查完成
[Sun Jul 26 01:10:01 AM CST 2026] FutuOpenD 已停止，正在重启...
[Sun Jul 26 01:10:04 AM CST 2026] FutuOpenD 重启失败！
[Sun Jul 26 01:10:04 AM CST 2026] 守护检查完成
[Sun Jul 26 01:15:01 AM CST 2026] FutuOpenD 已停止，正在重启...
[Sun Jul 26 01:15:03 AM CST 2026] FutuOpenD 重启失败！
[Sun Jul 26 01:15:03 AM CST 2026] 守护检查完成
[Sun Jul 26 01:20:01 AM CST 2026] FutuOpenD 已停止，正在重启...
[Sun Jul 26 01:20:03 AM CST 2026] FutuOpenD 重启失败！
[Sun Jul 26 01:20:03 AM CST 2026] 守护检查完成
[Sun Jul 26 01:25:02 AM CST 2026] FutuOpenD 已停止，正在重启...
[Sun Jul 26 01:25:04 AM CST 2026] FutuOpenD 重启失败！
[Sun Jul 26 01:25:04 AM CST 2026] 守护检查完成
[Sun Jul 26 01:30:01 AM CST 2026] FutuOpenD 已停止，正在重启...
[Sun Jul 26 01:30:03 AM CST 2026] FutuOpenD 重启失败！
[Sun Jul 26 01:30:03 AM CST 2026] 守护检查完成
[Sun Jul 26 01:35:01 AM CST 2026] FutuOpenD 已停止，正在重启...
[Sun Jul 26 01:35:03 AM CST 2026] FutuOpenD 重启失败！
[Sun Jul 26 01:35:04 AM CST 2026] 守护检查完成
[Sun Jul 26 01:40:01 AM CST 2026] FutuOpenD 已停止，正在重启...
[Sun Jul 26 01:40:03 AM CST 2026] FutuOpenD 重启失败！
[Sun Jul 26 01:40:03 AM CST 2026] 守护检查完成
[Sun Jul 26 01:45:01 AM CST 2026] FutuOpenD 已停止，正在重启...
[Sun Jul 26 01:45:03 AM CST 2026] FutuOpenD 重启失败！
[Sun Jul 26 01:45:03 AM CST 2026] 守护检查完成
[Sun Jul 26 01:50:01 AM CST 2026] FutuOpenD 已停止，正在重启...
[Sun Jul 26 01:50:04 AM CST 2026] FutuOpenD 重启失败！
[Sun Jul 26 01:50:04 AM CST 2026] 守护检查完成
[Sun Jul 26 01:55:01 AM CST 2026] FutuOpenD 已停止，正在重启...
[Sun Jul 26 01:55:03 AM CST 2026] FutuOpenD 重启失败！
[Sun Jul 26 01:55:03 AM CST 2026] 守护检查完成
[Sun Jul 26 02:00:01 AM CST 2026] FutuOpenD 已停止，正在重启...
[Sun Jul 26 02:00:03 AM CST 2026] FutuOpenD 重启失败！
[Sun Jul 26 02:00:03 AM CST 2026] 守护检查完成
[Sun Jul 26 02:05:02 AM CST 2026] FutuOpenD 已停止，正在重启...
[Sun Jul 26 02:05:04 AM CST 2026] FutuOpenD 重启失败！
[Sun Jul 26 02:05:04 AM CST 2026] 守护检查完成
[Sun Jul 26 02:10:01 AM CST 2026] FutuOpenD 已停止，正在重启...
[Sun Jul 26 02:10:03 AM CST 2026] FutuOpenD 重启失败！
[Sun Jul 26 02:10:03 AM CST 2026] 守护检查完成
[Sun Jul 26 02:15:01 AM CST 2026] FutuOpenD 已停止，正在重启...
[Sun Jul 26 02:15:03 AM CST 2026] FutuOpenD 重启失败！
[Sun Jul 26 02:15:04 AM CST 2026] 守护检查完成
[Sun Jul 26 02:20:01 AM CST 2026] FutuOpenD 已停止，正在重启...
[Sun Jul 26 02:20:03 AM CST 2026] FutuOpenD 重启失败！
[Sun Jul 26 02:20:03 AM CST 2026] 守护检查完成
[Sun Jul 26 02:25:01 AM CST 2026] FutuOpenD 已停止，正在重启...
[Sun Jul 26 02:25:03 AM CST 2026] FutuOpenD 重启失败！
[Sun Jul 26 02:25:03 AM CST 2026] 守护检查完成
[Sun Jul 26 02:30:02 AM CST 2026] FutuOpenD 已停止，正在重启...
[Sun Jul 26 02:30:04 AM CST 2026] FutuOpenD 重启失败！
[Sun Jul 26 02:30:04 AM CST 2026] 守护检查完成
[Sun Jul 26 02:35:01 AM CST 2026] FutuOpenD 已停止，正在重启...
[Sun Jul 26 02:35:03 AM CST 2026] FutuOpenD 重启失败！
[Sun Jul 26 02:35:03 AM CST 2026] 守护检查完成
[Sun Jul 26 02:40:01 AM CST 2026] FutuOpenD 已停止，正在重启...
[Sun Jul 26 02:40:03 AM CST 2026] FutuOpenD 重启失败！
[Sun Jul 26 02:40:03 AM CST 2026] 守护检查完成
[Sun Jul 26 02:45:02 AM CST 2026] FutuOpenD 已停止，正在重启...
[Sun Jul 26 02:45:04 AM CST 2026] FutuOpenD 重启失败！
[Sun Jul 26 02:45:04 AM CST 2026] 守护检查完成
[Sun Jul 26 02:50:01 AM CST 2026] FutuOpenD 已停止，正在重启...
[Sun Jul 26 02:50:03 AM CST 2026] FutuOpenD 重启失败！
[Sun Jul 26 02:50:03 AM CST 2026] 守护检查完成
[Sun Jul 26 02:55:02 AM CST 2026] FutuOpenD 已停止，正在重启...
[Sun Jul 26 02:55:04 AM CST 2026] FutuOpenD 重启失败！
[Sun Jul 26 02:55:04 AM CST 2026] 守护检查完成
[Sun Jul 26 03:00:01 AM CST 2026] FutuOpenD 已停止，正在重启...
[Sun Jul 26 03:00:03 AM CST 2026] FutuOpenD 重启失败！
[Sun Jul 26 03:00:03 AM CST 2026] 守护检查完成
[Sun Jul 26 03:05:01 AM CST 2026] FutuOpenD 已停止，正在重启...
[Sun Jul 26 03:05:03 AM CST 2026] FutuOpenD 重启失败！
[Sun Jul 26 03:05:04 AM CST 2026] 守护检查完成
[Sun Jul 26 03:10:01 AM CST 2026] FutuOpenD 已停止，正在重启...
[Sun Jul 26 03:10:03 AM CST 2026] FutuOpenD 重启失败！
[Sun Jul 26 03:10:03 AM CST 2026] 守护检查完成
[Sun Jul 26 03:15:01 AM CST 2026] FutuOpenD 已停止，正在重启...
[Sun Jul 26 03:15:03 AM CST 2026] FutuOpenD 重启失败！
[Sun Jul 26 03:15:03 AM CST 2026] 守护检查完成
[Sun Jul 26 03:20:01 AM CST 2026] FutuOpenD 已停止，正在重启...
[Sun Jul 26 03:20:03 AM CST 2026] FutuOpenD 重启失败！
[Sun Jul 26 03:20:03 AM CST 2026] 守护检查完成
[Sun Jul 26 03:25:01 AM CST 2026] FutuOpenD 已停止，正在重启...
[Sun Jul 26 03:25:03 AM CST 2026] FutuOpenD 重启失败！
[Sun Jul 26 03:25:03 AM CST 2026] 守护检查完成
[Sun Jul 26 03:30:01 AM CST 2026] FutuOpenD 已停止，正在重启...
[Sun Jul 26 03:30:03 AM CST 2026] FutuOpenD 重启失败！
[Sun Jul 26 03:30:03 AM CST 2026] 守护检查完成
[Sun Jul 26 03:35:01 AM CST 2026] FutuOpenD 已停止，正在重启...
[Sun Jul 26 03:35:04 AM CST 2026] FutuOpenD 重启失败！
[Sun Jul 26 03:35:04 AM CST 2026] 守护检查完成
[Sun Jul 26 03:40:01 AM CST 2026] FutuOpenD 已停止，正在重启...
[Sun Jul 26 03:40:03 AM CST 2026] FutuOpenD 重启失败！
[Sun Jul 26 03:40:03 AM CST 2026] 守护检查完成
[Sun Jul 26 03:45:01 AM CST 2026] FutuOpenD 已停止，正在重启...
[Sun Jul 26 03:45:03 AM CST 2026] FutuOpenD 重启失败！
[Sun Jul 26 03:45:03 AM CST 2026] 守护检查完成
[Sun Jul 26 03:50:01 AM CST 2026] FutuOpenD 已停止，正在重启...
[Sun Jul 26 03:50:03 AM CST 2026] FutuOpenD 重启失败！
[Sun Jul 26 03:50:03 AM CST 2026] 守护检查完成
[Sun Jul 26 03:55:02 AM CST 2026] FutuOpenD 已停止，正在重启...
[Sun Jul 26 03:55:04 AM CST 2026] FutuOpenD 重启失败！
[Sun Jul 26 03:55:04 AM CST 2026] 守护检查完成
[Sun Jul 26 04:00:01 AM CST 2026] FutuOpenD 已停止，正在重启...
[Sun Jul 26 04:00:03 AM CST 2026] FutuOpenD 重启失败！
[Sun Jul 26 04:00:03 AM CST 2026] 守护检查完成
[Sun Jul 26 04:05:01 AM CST 2026] FutuOpenD 已停止，正在重启...
[Sun Jul 26 04:05:03 AM CST 2026] FutuOpenD 重启失败！
[Sun Jul 26 04:05:03 AM CST 2026] 守护检查完成
[Sun Jul 26 04:10:01 AM CST 2026] FutuOpenD 已停止，正在重启...
[Sun Jul 26 04:10:03 AM CST 2026] FutuOpenD 重启失败！
[Sun Jul 26 04:10:03 AM CST 2026] 守护检查完成
[Sun Jul 26 04:15:01 AM CST 2026] FutuOpenD 已停止，正在重启...
[Sun Jul 26 04:15:03 AM CST 2026] FutuOpenD 重启失败！
[Sun Jul 26 04:15:03 AM CST 2026] 守护检查完成
[Sun Jul 26 04:20:01 AM CST 2026] FutuOpenD 已停止，正在重启...
[Sun Jul 26 04:20:03 AM CST 2026] FutuOpenD 重启失败！
[Sun Jul 26 04:20:03 AM CST 2026] 守护检查完成
[Sun Jul 26 04:25:01 AM CST 2026] FutuOpenD 已停止，正在重启...
[Sun Jul 26 04:25:03 AM CST 2026] FutuOpenD 重启失败！
[Sun Jul 26 04:25:03 AM CST 2026] 守护检查完成
[Sun Jul 26 04:30:01 AM CST 2026] FutuOpenD 已停止，正在重启...
[Sun Jul 26 04:30:03 AM CST 2026] FutuOpenD 重启失败！
[Sun Jul 26 04:30:03 AM CST 2026] 守护检查完成
[Sun Jul 26 04:35:01 AM CST 2026] FutuOpenD 已停止，正在重启...
[Sun Jul 26 04:35:03 AM CST 2026] FutuOpenD 重启失败！
[Sun Jul 26 04:35:04 AM CST 2026] 守护检查完成
[Sun Jul 26 04:40:01 AM CST 2026] FutuOpenD 已停止，正在重启...
[Sun Jul 26 04:40:03 AM CST 2026] FutuOpenD 重启失败！
[Sun Jul 26 04:40:03 AM CST 2026] 守护检查完成
[Sun Jul 26 04:45:01 AM CST 2026] FutuOpenD 已停止，正在重启...
[Sun Jul 26 04:45:03 AM CST 2026] FutuOpenD 重启失败！
[Sun Jul 26 04:45:03 AM CST 2026] 守护检查完成
[Sun Jul 26 04:50:01 AM CST 2026] FutuOpenD 已停止，正在重启...
[Sun Jul 26 04:50:04 AM CST 2026] FutuOpenD 重启失败！
[Sun Jul 26 04:50:04 AM CST 2026] 守护检查完成
[Sun Jul 26 04:55:01 AM CST 2026] FutuOpenD 已停止，正在重启...
[Sun Jul 26 04:55:03 AM CST 2026] FutuOpenD 重启失败！
[Sun Jul 26 04:55:03 AM CST 2026] 守护检查完成
[Sun Jul 26 05:00:01 AM CST 2026] FutuOpenD 已停止，正在重启...
[Sun Jul 26 05:00:03 AM CST 2026] FutuOpenD 重启失败！
[Sun Jul 26 05:00:03 AM CST 2026] 守护检查完成
[Sun Jul 26 05:05:01 AM CST 2026] FutuOpenD 已停止，正在重启...
[Sun Jul 26 05:05:04 AM CST 2026] FutuOpenD 重启失败！
[Sun Jul 26 05:05:04 AM CST 2026] 守护检查完成
[Sun Jul 26 05:10:01 AM CST 2026] FutuOpenD 已停止，正在重启...
[Sun Jul 26 05:10:03 AM CST 2026] FutuOpenD 重启失败！
[Sun Jul 26 05:10:03 AM CST 2026] 守护检查完成
[Sun Jul 26 05:15:01 AM CST 2026] FutuOpenD 已停止，正在重启...
[Sun Jul 26 05:15:03 AM CST 2026] FutuOpenD 重启失败！
[Sun Jul 26 05:15:03 AM CST 2026] 守护检查完成
[Sun Jul 26 05:20:02 AM CST 2026] FutuOpenD 已停止，正在重启...
[Sun Jul 26 05:20:04 AM CST 2026] FutuOpenD 重启失败！
[Sun Jul 26 05:20:04 AM CST 2026] 守护检查完成
[Sun Jul 26 05:25:01 AM CST 2026] FutuOpenD 已停止，正在重启...
[Sun Jul 26 05:25:03 AM CST 2026] FutuOpenD 重启失败！
[Sun Jul 26 05:25:03 AM CST 2026] 守护检查完成
[Sun Jul 26 05:30:01 AM CST 2026] FutuOpenD 已停止，正在重启...
[Sun Jul 26 05:30:03 AM CST 2026] FutuOpenD 重启失败！
[Sun Jul 26 05:30:03 AM CST 2026] 守护检查完成
[Sun Jul 26 05:35:02 AM CST 2026] FutuOpenD 已停止，正在重启...
[Sun Jul 26 05:35:04 AM CST 2026] FutuOpenD 重启失败！
[Sun Jul 26 05:35:04 AM CST 2026] 守护检查完成
[Sun Jul 26 05:40:01 AM CST 2026] FutuOpenD 已停止，正在重启...
[Sun Jul 26 05:40:03 AM CST 2026] FutuOpenD 重启失败！
[Sun Jul 26 05:40:03 AM CST 2026] 守护检查完成
[Sun Jul 26 05:45:01 AM CST 2026] FutuOpenD 已停止，正在重启...
[Sun Jul 26 05:45:03 AM CST 2026] FutuOpenD 重启失败！
[Sun Jul 26 05:45:03 AM CST 2026] 守护检查完成
[Sun Jul 26 05:50:01 AM CST 2026] FutuOpenD 已停止，正在重启...
[Sun Jul 26 05:50:04 AM CST 2026] FutuOpenD 重启失败！
[Sun Jul 26 05:50:04 AM CST 2026] 守护检查完成
[Sun Jul 26 05:55:01 AM CST 2026] FutuOpenD 已停止，正在重启...
[Sun Jul 26 05:55:03 AM CST 2026] FutuOpenD 重启失败！
[Sun Jul 26 05:55:03 AM CST 2026] 守护检查完成
[Sun Jul 26 06:00:01 AM CST 2026] FutuOpenD 已停止，正在重启...
[Sun Jul 26 06:00:03 AM CST 2026] FutuOpenD 重启失败！
[Sun Jul 26 06:00:03 AM CST 2026] 守护检查完成
[Sun Jul 26 06:05:01 AM CST 2026] FutuOpenD 已停止，正在重启...
[Sun Jul 26 06:05:04 AM CST 2026] FutuOpenD 重启失败！
[Sun Jul 26 06:05:04 AM CST 2026] 守护检查完成
[Sun Jul 26 06:10:01 AM CST 2026] FutuOpenD 已停止，正在重启...
[Sun Jul 26 06:10:03 AM CST 2026] FutuOpenD 重启失败！
[Sun Jul 26 06:10:03 AM CST 2026] 守护检查完成
[Sun Jul 26 06:15:01 AM CST 2026] FutuOpenD 已停止，正在重启...
[Sun Jul 26 06:15:03 AM CST 2026] FutuOpenD 重启失败！
[Sun Jul 26 06:15:03 AM CST 2026] 守护检查完成
[Sun Jul 26 06:20:02 AM CST 2026] FutuOpenD 已停止，正在重启...
[Sun Jul 26 06:20:04 AM CST 2026] FutuOpenD 重启失败！
[Sun Jul 26 06:20:04 AM CST 2026] 守护检查完成
[Sun Jul 26 06:25:01 AM CST 2026] FutuOpenD 已停止，正在重启...
[Sun Jul 26 06:25:03 AM CST 2026] FutuOpenD 重启失败！
[Sun Jul 26 06:25:03 AM CST 2026] 守护检查完成
[Sun Jul 26 06:30:01 AM CST 2026] FutuOpenD 已停止，正在重启...
[Sun Jul 26 06:30:03 AM CST 2026] FutuOpenD 重启失败！
[Sun Jul 26 06:30:03 AM CST 2026] 守护检查完成
[Sun Jul 26 06:35:01 AM CST 2026] FutuOpenD 已停止，正在重启...
[Sun Jul 26 06:35:03 AM CST 2026] FutuOpenD 重启失败！
[Sun Jul 26 06:35:04 AM CST 2026] 守护检查完成
[Sun Jul 26 06:40:01 AM CST 2026] FutuOpenD 已停止，正在重启...
[Sun Jul 26 06:40:03 AM CST 2026] FutuOpenD 重启失败！
[Sun Jul 26 06:40:03 AM CST 2026] 守护检查完成
[Sun Jul 26 06:45:01 AM CST 2026] FutuOpenD 已停止，正在重启...
[Sun Jul 26 06:45:03 AM CST 2026] FutuOpenD 重启失败！
[Sun Jul 26 06:45:03 AM CST 2026] 守护检查完成
[Sun Jul 26 06:50:01 AM CST 2026] FutuOpenD 已停止，正在重启...
[Sun Jul 26 06:50:03 AM CST 2026] FutuOpenD 重启失败！
[Sun Jul 26 06:50:03 AM CST 2026] 守护检查完成
[Sun Jul 26 06:55:02 AM CST 2026] FutuOpenD 已停止，正在重启...
[Sun Jul 26 06:55:04 AM CST 2026] FutuOpenD 重启失败！
[Sun Jul 26 06:55:04 AM CST 2026] 守护检查完成
[Sun Jul 26 07:00:01 AM CST 2026] FutuOpenD 已停止，正在重启...
[Sun Jul 26 07:00:03 AM CST 2026] FutuOpenD 重启失败！
[Sun Jul 26 07:00:03 AM CST 2026] 守护检查完成
[Sun Jul 26 07:05:01 AM CST 2026] FutuOpenD 已停止，正在重启...
[Sun Jul 26 07:05:03 AM CST 2026] FutuOpenD 重启失败！
[Sun Jul 26 07:05:04 AM CST 2026] 守护检查完成
[Sun Jul 26 07:10:01 AM CST 2026] FutuOpenD 已停止，正在重启...
[Sun Jul 26 07:10:03 AM CST 2026] FutuOpenD 重启失败！
[Sun Jul 26 07:10:03 AM CST 2026] 守护检查完成
[Sun Jul 26 07:15:01 AM CST 2026] FutuOpenD 已停止，正在重启...
[Sun Jul 26 07:15:03 AM CST 2026] FutuOpenD 重启失败！
[Sun Jul 26 07:15:03 AM CST 2026] 守护检查完成
[Sun Jul 26 07:20:01 AM CST 2026] FutuOpenD 已停止，正在重启...
[Sun Jul 26 07:20:03 AM CST 2026] FutuOpenD 重启失败！
[Sun Jul 26 07:20:03 AM CST 2026] 守护检查完成
[Sun Jul 26 07:25:02 AM CST 2026] FutuOpenD 已停止，正在重启...
[Sun Jul 26 07:25:04 AM CST 2026] FutuOpenD 重启失败！
[Sun Jul 26 07:25:04 AM CST 2026] 守护检查完成
[Sun Jul 26 07:30:01 AM CST 2026] FutuOpenD 已停止，正在重启...
[Sun Jul 26 07:30:03 AM CST 2026] FutuOpenD 重启失败！
[Sun Jul 26 07:30:03 AM CST 2026] 守护检查完成
[Sun Jul 26 07:35:01 AM CST 2026] FutuOpenD 已停止，正在重启...
[Sun Jul 26 07:35:03 AM CST 2026] FutuOpenD 重启失败！
[Sun Jul 26 07:35:03 AM CST 2026] 守护检查完成
[Sun Jul 26 07:40:01 AM CST 2026] FutuOpenD 已停止，正在重启...
[Sun Jul 26 07:40:04 AM CST 2026] FutuOpenD 重启失败！
[Sun Jul 26 07:40:04 AM CST 2026] 守护检查完成
[Sun Jul 26 07:45:01 AM CST 2026] FutuOpenD 已停止，正在重启...
[Sun Jul 26 07:45:03 AM CST 2026] FutuOpenD 重启失败！
[Sun Jul 26 07:45:03 AM CST 2026] 守护检查完成
[Sun Jul 26 07:50:01 AM CST 2026] FutuOpenD 已停止，正在重启...
[Sun Jul 26 07:50:03 AM CST 2026] FutuOpenD 重启失败！
[Sun Jul 26 07:50:03 AM CST 2026] 守护检查完成
